---------------------------------------------
Log F:\SteamLibrary\steamapps\common\DayZServer\profiles\script_2026-09-03_02-07-28.log started at 03.09. 02:07:28

SCRIPT       : Module: GameLib; loaded 23x files; 29x classes; used 41/2097 kB (1%) of static memory; defines: "DAYZ_1_29,SERVER_FOR_WINDOWS,SERVER,PLATFORM_WINDOWS,RELEASE,NO_GUI,NO_GUI_INGAME,DZ_Expansion_Core_Preload,DZ_Expansion_Garage_Preload,DZ_Expa
SCRIPT       : Registered 393 temporary action enum(s), UAN==393
SCRIPT       : Module: Game; loaded 831x files; 2327x classes; used 6404/33554 kB (19%) of static memory; defines: "DAYZ_1_29,SERVER_FOR_WINDOWS,SERVER,PLATFORM_WINDOWS,RELEASE,NO_GUI,NO_GUI_INGAME,DZ_Expansion_Core_Preload,DZ_Expansion_Garage_Preload,DZ_
SCRIPT       : ... Backlit Effects Enabled
SCRIPT       : VPPNotificationManager()
SCRIPT       : [VPPAT] Internal VPPNotifications module loaded!
SCRIPT       : [DayZ Game]:: DayZGame(): Initializing V++ Admin Tools.
SCRIPT       : 02:07:31.000 [EXPANSION LOG]: DayZGame<0x0000024D01EADB70> Start time (local time) 2026-09-03 02:07:25
SCRIPT       : 02:07:31.000 [EXPANSION LOG]: DayZGame<0x0000024D01EADB70> Start time (UTC) 2026-09-02 23:07:25
SCRIPT       : 02:07:31.000 [EXPANSION LOG]: DayZGame<0x0000024D01EADB70> Runtime since start (seconds) 6.088
SCRIPT       : Module: World; loaded 2642x files; 6597x classes; used 11788/33554 kB (35%) of static memory; defines: "DAYZ_1_29,SERVER_FOR_WINDOWS,SERVER,PLATFORM_WINDOWS,RELEASE,NO_GUI,NO_GUI_INGAME,DZ_Expansion_Core_Preload,DZ_Expansion_Garage_Preload,
 SCRIPT       : Module: Mission; loaded 375x files; 739x classes; used 4338/33554 kB (12%) of static memory; defines: "DAYZ_1_29,SERVER_FOR_WINDOWS,SERVER,PLATFORM_WINDOWS,RELEASE,NO_GUI,NO_GUI_INGAME,DZ_Expansion_Core_Preload,DZ_Expansion_Garage_Preload,
 SCRIPT       : Module: $CurrentDir:mpmissions\dayzOffline.chernarusplus\init.c; loaded 1x files; 1x classes; used 4/1048 kB (0%) of static memory; defines: "DAYZ_1_29,SERVER_FOR_WINDOWS,SERVER,PLATFORM_WINDOWS,RELEASE,NO_GUI,NO_GUI_INGAME,DZ_Expansion_Co
 SCRIPT       : [SERVER :: Vanilla++ AdminTools Plugins Registering]
 SCRIPT       : Expansion version: 1.9.72
 SCRIPT       : 02:07:47.849 [EXPANSION DEBUG]: [ExpansionCoreSettings] Load existing setting file:$profile:ExpansionMod\Settings\CoreSettings.json
 SCRIPT       : 02:07:47.850 [EXPANSION DEBUG]: [ExpansionLogSettings] Load existing setting file:$profile:ExpansionMod\Settings\LogsSettings.json
 SCRIPT       : 02:07:47.850 [EXPANSION DEBUG]: [ExpansionNotificationSettings] Load existing setting file:$profile:ExpansionMod\Settings\NotificationSettings.json
 SCRIPT       : 02:07:47.851 [EXPANSION DEBUG]: [ExpansionMonitoringSettings] Load existing setting file:$profile:ExpansionMod\Settings\MonitoringSettings.json
 SCRIPT       : 02:07:47.851 [EXPANSION DEBUG]: [ExpansionDamageSystemSettings] Load existing setting file:$profile:ExpansionMod\Settings\DamageSystemSettings.json
 SCRIPT       : 02:07:47.852 [EXPANSION DEBUG]: [ExpansionVehicleSettings] Load existing setting file:$profile:ExpansionMod\Settings\VehicleSettings.json
 SCRIPT       : [DefineTest] EXPANSIONMODCORE is defined
 SCRIPT       : [DefineTest] EXPANSIONMODGARAGE is defined
 SCRIPT       : [DefineTest] EXPANSIONMODVEHICLE is defined
 SCRIPT       : [DefineTest] CfgMods:
 SCRIPT       : defaultAction
 SCRIPT       : DayZ
 SCRIPT       : DZ_Expansion_Core_Preload
 SCRIPT       : DZ_Expansion_Garage_Preload
 SCRIPT       : DZ_Expansion_ModStorage_Preload
 SCRIPT       : DZ_Expansion_Vehicles_Preload
 SCRIPT       : DabsFramework
 SCRIPT       : DZ_Expansion_DefineTest
 SCRIPT       : sakhal
 SCRIPT       : JM_CommunityFramework
 SCRIPT       : VorexHeliTaxi
 SCRIPT       : AVPPAdminTools
 SCRIPT       : AVPPAdminToolsTranslate
 SCRIPT       : DZ_Expansion_ModStorage
 SCRIPT       : DZ_Expansion_Core
 SCRIPT       : DZ_Expansion_Garage
 SCRIPT       : DZ_Expansion_NotificationScheduler
 SCRIPT       : DZ_Expansion_VanillaFixes
 SCRIPT       : DZ_Expansion_Vehicles
 SCRIPT       : [VorexHeliTaxi] ================================
 SCRIPT       : [VorexHeliTaxi] VorexHeliTaxi loaded successfully
 SCRIPT       : [VorexHeliTaxi] Stage 1 initialization complete
 SCRIPT       : [VorexHeliTaxi] ================================
 SCRIPT       : [VorexHeliTaxi] Manager created
 SCRIPT       : [VorexHeliTaxi] Manager initialized
 SCRIPT       : [MissionServer] OnInit - Server
 SCRIPT       : [MissionServer] OnMissionStart - Server
 SCRIPT       : string dirtyName = 'Vorex_Live'
SCRIPT       : Found 0 zones!
SCRIPT       : m_LoginTimeMs: 16200
 SCRIPT       : ---- PlayerBase OnStoreLoad SUCCESS ----
 SCRIPT       : [VorexHeliTaxi] Player connected: Vorex_Live
 SCRIPT       : [VorexHeliTaxi] Taxi request created
 SCRIPT       : [VorexHeliTaxi] Request created by Manager
 SCRIPT       : [VorexHeliTaxi] Taxi request is now WAITING
 SCRIPT       : [VPPAT] Player "Vorex_Live" (steamId=76561198126437990) connected to server!
 SCRIPT       : [PlayerListManager] AddReceiver ► added: PlayerIdentity<0x0000025254A04A90>
 SCRIPT       : [Permissions Manager] Admin (Vorex_Live) (76561198126437990) Successfully Logged in!
 SCRIPT       : [VorexHeliTaxi] TEST: Engine START
 SCRIPT       : [VorexHeliTaxi] TEST: Start altitude = 133.144
 SCRIPT       : [VorexHeliTaxi] TEST: AutoCollective ENABLED
 SCRIPT       : [VorexHeliTaxi] TEST: Target altitude = 158.144
 SCRIPT       : [VorexHeliTaxi] ALT=133.128
 SCRIPT       : [VorexHeliTaxi] VY=-0.0185448
 SCRIPT       : [VorexHeliTaxi] COL=0.65
 SCRIPT       : [VorexHeliTaxi] ROTOR=0.0316667
 SCRIPT       : [VorexHeliTaxi] CYCLIC=0.05
 SCRIPT       : [VorexHeliTaxi] ALT=133.116
 SCRIPT       : [VorexHeliTaxi] VY=-0.0140934
 SCRIPT       : [VorexHeliTaxi] COL=0.65
 SCRIPT       : [VorexHeliTaxi] ROTOR=0.065
 SCRIPT       : [VorexHeliTaxi] CYCLIC=0.05
 SCRIPT       : [VorexHeliTaxi] ALT=133.108
 SCRIPT       : [VorexHeliTaxi] VY=-0.00101421
 SCRIPT       : [VorexHeliTaxi] COL=0.65
 SCRIPT       : [VorexHeliTaxi] ROTOR=0.0983333
 SCRIPT       : [VorexHeliTaxi] CYCLIC=0.05
 SCRIPT       : [VorexHeliTaxi] ALT=133.111
 SCRIPT       : [VorexHeliTaxi] VY=0.00237795
 SCRIPT       : [VorexHeliTaxi] COL=0.65
 SCRIPT       : [VorexHeliTaxi] ROTOR=0.131667
 SCRIPT       : [VorexHeliTaxi] CYCLIC=0.05
 SCRIPT       : [VorexHeliTaxi] ALT=133.11
 SCRIPT       : [VorexHeliTaxi] VY=0.000160609
 SCRIPT       : [VorexHeliTaxi] COL=0.65
 SCRIPT       : [VorexHeliTaxi] ROTOR=0.165
 SCRIPT       : [VorexHeliTaxi] CYCLIC=0.05
 SCRIPT       : [VorexHeliTaxi] ALT=133.111
 SCRIPT       : [VorexHeliTaxi] VY=0.0010177
 SCRIPT       : [VorexHeliTaxi] COL=0.65
 SCRIPT       : [VorexHeliTaxi] ROTOR=0.198333
 SCRIPT       : [VorexHeliTaxi] CYCLIC=0.05
 SCRIPT       : [VorexHeliTaxi] ALT=133.111
 SCRIPT       : [VorexHeliTaxi] VY=0.000839338
 SCRIPT       : [VorexHeliTaxi] COL=0.65
 SCRIPT       : [VorexHeliTaxi] ROTOR=0.231666
 SCRIPT       : [VorexHeliTaxi] CYCLIC=0.05
 SCRIPT       : [VorexHeliTaxi] ALT=133.111
 SCRIPT       : [VorexHeliTaxi] VY=0.000974162
 SCRIPT       : [VorexHeliTaxi] COL=0.65
 SCRIPT       : [VorexHeliTaxi] ROTOR=0.265
 SCRIPT       : [VorexHeliTaxi] CYCLIC=0.05
 SCRIPT       : [VorexHeliTaxi] ALT=133.111
 SCRIPT       : [VorexHeliTaxi] VY=0.00119724
 SCRIPT       : [VorexHeliTaxi] COL=0.65
 SCRIPT       : [VorexHeliTaxi] ROTOR=0.298333
 SCRIPT       : [VorexHeliTaxi] CYCLIC=0.05
 SCRIPT       : [VorexHeliTaxi] ALT=133.112
 SCRIPT       : [VorexHeliTaxi] VY=0.00145847
 SCRIPT       : [VorexHeliTaxi] COL=0.65
 SCRIPT       : [VorexHeliTaxi] ROTOR=0.331666
 SCRIPT       : [VorexHeliTaxi] CYCLIC=0.05
 SCRIPT       : [VorexHeliTaxi] ALT=133.112
 SCRIPT       : [VorexHeliTaxi] VY=0.00215332
 SCRIPT       : [VorexHeliTaxi] COL=0.65
 SCRIPT       : [VorexHeliTaxi] ROTOR=0.365
 SCRIPT       : [VorexHeliTaxi] CYCLIC=0.05
 SCRIPT       : [VorexHeliTaxi] ALT=133.114
 SCRIPT       : [VorexHeliTaxi] VY=0.00301918
 SCRIPT       : [VorexHeliTaxi] COL=0.65
 SCRIPT       : [VorexHeliTaxi] ROTOR=0.398333
 SCRIPT       : [VorexHeliTaxi] CYCLIC=0.05
 SCRIPT       : [VorexHeliTaxi] ALT=133.115
 SCRIPT       : [VorexHeliTaxi] VY=0.00268541
 SCRIPT       : [VorexHeliTaxi] COL=0.65
 SCRIPT       : [VorexHeliTaxi] ROTOR=0.431666
 SCRIPT       : [VorexHeliTaxi] CYCLIC=0.05
 SCRIPT       : [VorexHeliTaxi] ALT=133.117
 SCRIPT       : [VorexHeliTaxi] VY=0.00495115
 SCRIPT       : [VorexHeliTaxi] COL=0.65
 SCRIPT       : [VorexHeliTaxi] ROTOR=0.465
 SCRIPT       : [VorexHeliTaxi] CYCLIC=0.05
 SCRIPT       : [VorexHeliTaxi] ALT=133.121
 SCRIPT       : [VorexHeliTaxi] VY=0.00632181
 SCRIPT       : [VorexHeliTaxi] COL=0.65
 SCRIPT       : [VorexHeliTaxi] ROTOR=0.498333
 SCRIPT       : [VorexHeliTaxi] CYCLIC=0.05
 SCRIPT       : [VorexHeliTaxi] ALT=133.124
 SCRIPT       : [VorexHeliTaxi] VY=0.00608807
 SCRIPT       : [VorexHeliTaxi] COL=0.65
 SCRIPT       : [VorexHeliTaxi] ROTOR=0.531666
 SCRIPT       : [VorexHeliTaxi] CYCLIC=0.05
 SCRIPT       : [VorexHeliTaxi] ALT=133.129
 SCRIPT       : [VorexHeliTaxi] VY=0.01015
 SCRIPT       : [VorexHeliTaxi] COL=0.65
 SCRIPT       : [VorexHeliTaxi] ROTOR=0.565
 SCRIPT       : [VorexHeliTaxi] CYCLIC=0.05
 SCRIPT       : [VorexHeliTaxi] ALT=133.136
 SCRIPT       : [VorexHeliTaxi] VY=0.0106669
 SCRIPT       : [VorexHeliTaxi] COL=0.65
 SCRIPT       : [VorexHeliTaxi] ROTOR=0.598333
 SCRIPT       : [VorexHeliTaxi] CYCLIC=0.05
 SCRIPT       : [VorexHeliTaxi] ALT=133.143
 SCRIPT       : [VorexHeliTaxi] VY=0.0148065
 SCRIPT       : [VorexHeliTaxi] COL=0.65
 SCRIPT       : [VorexHeliTaxi] ROTOR=0.631666
 SCRIPT       : [VorexHeliTaxi] CYCLIC=0.05
 SCRIPT       : [VorexHeliTaxi] ALT=133.153
 SCRIPT       : [VorexHeliTaxi] VY=0.0191159
 SCRIPT       : [VorexHeliTaxi] COL=0.65
 SCRIPT       : [VorexHeliTaxi] ROTOR=0.664999
 SCRIPT       : [VorexHeliTaxi] CYCLIC=0.05
 SCRIPT       : [VorexHeliTaxi] ALT=133.17
 SCRIPT       : [VorexHeliTaxi] VY=0.0346561
 SCRIPT       : [VorexHeliTaxi] COL=0.65
 SCRIPT       : [VorexHeliTaxi] ROTOR=0.698333
 SCRIPT       : [VorexHeliTaxi] CYCLIC=0.05
 SCRIPT       : [VorexHeliTaxi] ALT=133.189
 SCRIPT       : [VorexHeliTaxi] VY=0.0555237
 SCRIPT       : [VorexHeliTaxi] COL=0.65
 SCRIPT       : [VorexHeliTaxi] ROTOR=0.731666
 SCRIPT       : [VorexHeliTaxi] CYCLIC=0.05
 SCRIPT       : [VorexHeliTaxi] ALT=133.266
 SCRIPT       : [VorexHeliTaxi] VY=0.399442
 SCRIPT       : [VorexHeliTaxi] COL=0.65
 SCRIPT       : [VorexHeliTaxi] ROTOR=0.764999
 SCRIPT       : [VorexHeliTaxi] CYCLIC=0.05
 SCRIPT       : [VorexHeliTaxi] ALT=133.763
 SCRIPT       : [VorexHeliTaxi] VY=1.69148
 SCRIPT       : [VorexHeliTaxi] COL=0.65
 SCRIPT       : [VorexHeliTaxi] ROTOR=0.798333
 SCRIPT       : [VorexHeliTaxi] CYCLIC=0.05
 SCRIPT       : [VorexHeliTaxi] ALT=135.086
 SCRIPT       : [VorexHeliTaxi] VY=3.66287
 SCRIPT       : [VorexHeliTaxi] COL=0.65
 SCRIPT       : [VorexHeliTaxi] ROTOR=0.831666
 SCRIPT       : [VorexHeliTaxi] CYCLIC=0.05
 SCRIPT       : [VorexHeliTaxi] ALT=137.536
 SCRIPT       : [VorexHeliTaxi] VY=6.07098
 SCRIPT       : [VorexHeliTaxi] COL=0.65
 SCRIPT       : [VorexHeliTaxi] ROTOR=0.864999
 SCRIPT       : [VorexHeliTaxi] CYCLIC=0.05
 SCRIPT       : [VorexHeliTaxi] FLIGHT STAGE = 1
 SCRIPT       : [VorexHeliTaxi] ALTITUDE GAIN = 5.0294
 SCRIPT       : [VorexHeliTaxi] CYCLIC = 0.05
 SCRIPT       : [VorexHeliTaxi] ALT=141.239
 SCRIPT       : [VorexHeliTaxi] VY=8.68121
 SCRIPT       : [VorexHeliTaxi] COL=0.65
 SCRIPT       : [VorexHeliTaxi] ROTOR=0.898333
 SCRIPT       : [VorexHeliTaxi] CYCLIC=0.05
 SCRIPT       : [VorexHeliTaxi] FLIGHT STAGE = 2
 SCRIPT       : [VorexHeliTaxi] ALTITUDE GAIN = 10.2037
 SCRIPT       : [VorexHeliTaxi] CYCLIC = 0.1
 SCRIPT       : [VorexHeliTaxi] ALT=146.321
 SCRIPT       : [VorexHeliTaxi] VY=11.5554
 SCRIPT       : [VorexHeliTaxi] COL=0.65
 SCRIPT       : [VorexHeliTaxi] ROTOR=0.931666
 SCRIPT       : [VorexHeliTaxi] CYCLIC=0.1
 SCRIPT       : [VorexHeliTaxi] FLIGHT STAGE = 3
 SCRIPT       : [VorexHeliTaxi] ALTITUDE GAIN = 15.3026
 SCRIPT       : [VorexHeliTaxi] CYCLIC = 0.15
 SCRIPT       : [VorexHeliTaxi] ALT=152.661
 SCRIPT       : [VorexHeliTaxi] VY=13.0576
 SCRIPT       : [VorexHeliTaxi] COL=0.65
 SCRIPT       : [VorexHeliTaxi] ROTOR=0.963592
 SCRIPT       : [VorexHeliTaxi] CYCLIC=0.15
 SCRIPT       : [VorexHeliTaxi] FLIGHT STAGE = 4
 SCRIPT       : [VorexHeliTaxi] ALTITUDE GAIN = 20.1715
 SCRIPT       : [VorexHeliTaxi] CYCLIC = 0.2
 SCRIPT       : [VorexHeliTaxi] ALT=158.901
 SCRIPT       : [VorexHeliTaxi] VY=11.3932
 SCRIPT       : [VorexHeliTaxi] COL=0.65
 SCRIPT       : [VorexHeliTaxi] ROTOR=0.975705
 SCRIPT       : [VorexHeliTaxi] CYCLIC=0.2
 SCRIPT       : [VorexHeliTaxi] ALT=163.888
 SCRIPT       : [VorexHeliTaxi] VY=8.27587
 SCRIPT       : [VorexHeliTaxi] COL=0.65
 SCRIPT       : [VorexHeliTaxi] ROTOR=0.985965
 SCRIPT       : [VorexHeliTaxi] CYCLIC=0.339831
 SCRIPT       : [VorexHeliTaxi] ALT=167.523
 SCRIPT       : [VorexHeliTaxi] VY=6.34954
 SCRIPT       : [VorexHeliTaxi] COL=0.65
 SCRIPT       : [VorexHeliTaxi] ROTOR=0.985937
 SCRIPT       : [VorexHeliTaxi] CYCLIC=-0.0846404
 SCRIPT       : [VorexHeliTaxi] ALT=170.389
 SCRIPT       : [VorexHeliTaxi] VY=5.60034
 SCRIPT       : [VorexHeliTaxi] COL=0.65
 SCRIPT       : [VorexHeliTaxi] ROTOR=0.985873
 SCRIPT       : [VorexHeliTaxi] CYCLIC=-0.277966
 SCRIPT       : [VorexHeliTaxi] ALT=172.618
 SCRIPT       : [VorexHeliTaxi] VY=5.31938
 SCRIPT       : [VorexHeliTaxi] COL=0.65
 SCRIPT       : [VorexHeliTaxi] ROTOR=0.986346
 SCRIPT       : [VorexHeliTaxi] CYCLIC=-0.889236
 SCRIPT       : [VorexHeliTaxi] ALT=174.412
 SCRIPT       : [VorexHeliTaxi] VY=5.03413
 SCRIPT       : [VorexHeliTaxi] COL=0.65
 SCRIPT       : [VorexHeliTaxi] ROTOR=0.987171
 SCRIPT       : [VorexHeliTaxi] CYCLIC=-0.0878428
 SCRIPT       : [VorexHeliTaxi] ALT=176.073
 SCRIPT       : [VorexHeliTaxi] VY=5.08884
 SCRIPT       : [VorexHeliTaxi] COL=0.65
 SCRIPT       : [VorexHeliTaxi] ROTOR=0.987841
 SCRIPT       : [VorexHeliTaxi] CYCLIC=-0.971583
 SCRIPT       : [VorexHeliTaxi] ALT=177.738
 SCRIPT       : [VorexHeliTaxi] VY=5.02812
 SCRIPT       : [VorexHeliTaxi] COL=0.65
 SCRIPT       : [VorexHeliTaxi] ROTOR=0.988614
 SCRIPT       : [VorexHeliTaxi] CYCLIC=0.568137
 SCRIPT       : [VorexHeliTaxi] ALT=179.691
 SCRIPT       : [VorexHeliTaxi] VY=5.31344
 SCRIPT       : [VorexHeliTaxi] COL=0.65
 SCRIPT       : [VorexHeliTaxi] ROTOR=0.989082
 SCRIPT       : [VorexHeliTaxi] CYCLIC=0.803267
 SCRIPT       : [VorexHeliTaxi] ALT=181.938
 SCRIPT       : [VorexHeliTaxi] VY=5.87765
 SCRIPT       : [VorexHeliTaxi] COL=0.65
 SCRIPT       : [VorexHeliTaxi] ROTOR=0.989392
 SCRIPT       : [VorexHeliTaxi] CYCLIC=-0.666586
 SCRIPT       : [VorexHeliTaxi] ALT=184.284
 SCRIPT       : [VorexHeliTaxi] VY=6.41765
 SCRIPT       : [VorexHeliTaxi] COL=0.65
 SCRIPT       : [VorexHeliTaxi] ROTOR=0.989228
 SCRIPT       : [VorexHeliTaxi] CYCLIC=-0.670079
 SCRIPT       : [VorexHeliTaxi] ALT=186.554
 SCRIPT       : [VorexHeliTaxi] VY=6.81774
 SCRIPT       : [VorexHeliTaxi] COL=0.65
 SCRIPT       : [VorexHeliTaxi] ROTOR=0.989291
 SCRIPT       : [VorexHeliTaxi] CYCLIC=0.163123
 SCRIPT       : [VorexHeliTaxi] ALT=188.676
 SCRIPT       : [VorexHeliTaxi] VY=7.11291
 SCRIPT       : [VorexHeliTaxi] COL=0.65
 SCRIPT       : [VorexHeliTaxi] ROTOR=0.989547
 SCRIPT       : [VorexHeliTaxi] CYCLIC=0.366313
 SCRIPT       : [VorexHeliTaxi] ALT=190.602
 SCRIPT       : [VorexHeliTaxi] VY=7.75103
 SCRIPT       : [VorexHeliTaxi] COL=0.65
 SCRIPT       : [VorexHeliTaxi] ROTOR=0.989083
 SCRIPT       : [VorexHeliTaxi] CYCLIC=0.557792
 SCRIPT       : [VorexHeliTaxi] ALT=192.134
 SCRIPT       : [VorexHeliTaxi] VY=8.37998
 SCRIPT       : [VorexHeliTaxi] COL=0.65
 SCRIPT       : [VorexHeliTaxi] ROTOR=0.98733
 SCRIPT       : [VorexHeliTaxi] CYCLIC=-0.856761
 SCRIPT       : [VorexHeliTaxi] ALT=193.147
 SCRIPT       : [VorexHeliTaxi] VY=7.92764
 SCRIPT       : [VorexHeliTaxi] COL=0.65
 SCRIPT       : [VorexHeliTaxi] ROTOR=0.988743
 SCRIPT       : [VorexHeliTaxi] CYCLIC=0.630632
 SCRIPT       : [VorexHeliTaxi] ALT=193.862
 SCRIPT       : [VorexHeliTaxi] VY=8.71451
 SCRIPT       : [VorexHeliTaxi] COL=0.65
 SCRIPT       : [VorexHeliTaxi] ROTOR=0.990411
 SCRIPT       : [VorexHeliTaxi] CYCLIC=-0.000835299
 SCRIPT       : [VorexHeliTaxi] ALT=194.237
 SCRIPT       : [VorexHeliTaxi] VY=8.81063
 SCRIPT       : [VorexHeliTaxi] COL=0.65
 SCRIPT       : [VorexHeliTaxi] ROTOR=0.99068
 SCRIPT       : [VorexHeliTaxi] CYCLIC=-0.00570178
 SCRIPT       : [VorexHeliTaxi] ALT=194.33
 SCRIPT       : [VorexHeliTaxi] VY=9.10842
 SCRIPT       : [VorexHeliTaxi] COL=0.65
 SCRIPT       : [VorexHeliTaxi] ROTOR=0.991222
 SCRIPT       : [VorexHeliTaxi] CYCLIC=0.377119
 SCRIPT       : [VorexHeliTaxi] ALT=194.199
 SCRIPT       : [VorexHeliTaxi] VY=9.44648
 SCRIPT       : [VorexHeliTaxi] COL=0.65
 SCRIPT       : [VorexHeliTaxi] ROTOR=0.991597
 SCRIPT       : [VorexHeliTaxi] CYCLIC=-0.387891
 SCRIPT       : [VorexHeliTaxi] ALT=193.709
 SCRIPT       : [VorexHeliTaxi] VY=10.5482
 SCRIPT       : [VorexHeliTaxi] COL=0.65
 SCRIPT       : [VorexHeliTaxi] ROTOR=0.99199
 SCRIPT       : [VorexHeliTaxi] CYCLIC=0.394877
 SCRIPT       : [VorexHeliTaxi] ALT=192.612
 SCRIPT       : [VorexHeliTaxi] VY=10.9242
 SCRIPT       : [VorexHeliTaxi] COL=0.65
 SCRIPT       : [VorexHeliTaxi] ROTOR=0.989725
 SCRIPT       : [VorexHeliTaxi] CYCLIC=-0.2421
 SCRIPT       : [VorexHeliTaxi] ALT=190.823
 SCRIPT       : [VorexHeliTaxi] VY=10.533
 SCRIPT       : [VorexHeliTaxi] COL=0.65
 SCRIPT       : [VorexHeliTaxi] ROTOR=0.99109
 SCRIPT       : [VorexHeliTaxi] CYCLIC=-0.375567
 SCRIPT       : [VorexHeliTaxi] ALT=188.403
 SCRIPT       : [VorexHeliTaxi] VY=10.4527
 SCRIPT       : [VorexHeliTaxi] COL=0.65
 SCRIPT       : [VorexHeliTaxi] ROTOR=0.99068
 SCRIPT       : [VorexHeliTaxi] CYCLIC=-0.26308
 SCRIPT       : [VorexHeliTaxi] ALT=185.11
 SCRIPT       : [VorexHeliTaxi] VY=12.9986
 SCRIPT       : [VorexHeliTaxi] COL=0.65
 SCRIPT       : [VorexHeliTaxi] ROTOR=0.991769
 SCRIPT       : [VorexHeliTaxi] CYCLIC=0.70243
 SCRIPT       : [VorexHeliTaxi] ALT=180.434
 SCRIPT       : [VorexHeliTaxi] VY=12.9952
 SCRIPT       : [VorexHeliTaxi] COL=0.65
 SCRIPT       : [VorexHeliTaxi] ROTOR=0.992223
 SCRIPT       : [VorexHeliTaxi] CYCLIC=-0.342296
 SCRIPT       : [VorexHeliTaxi] ALT=174.22
 SCRIPT       : [VorexHeliTaxi] VY=13.2244
 SCRIPT       : [VorexHeliTaxi] COL=0.65
 SCRIPT       : [VorexHeliTaxi] ROTOR=0.991732
 SCRIPT       : [VorexHeliTaxi] CYCLIC=0.565573
 SCRIPT       : [VorexHeliTaxi] ALT=166.399
 SCRIPT       : [VorexHeliTaxi] VY=13.7178
 SCRIPT       : [VorexHeliTaxi] COL=0.65
 SCRIPT       : [VorexHeliTaxi] ROTOR=0.991816
 SCRIPT       : [VorexHeliTaxi] CYCLIC=0.562681
 SCRIPT       : [VorexHeliTaxi] ALT=156.633
 SCRIPT       : [VorexHeliTaxi] VY=14.764
 SCRIPT       : [VorexHeliTaxi] COL=0.65
 SCRIPT       : [VorexHeliTaxi] ROTOR=0.991629
 SCRIPT       : [VorexHeliTaxi] CYCLIC=0.562681
 SCRIPT       : [VorexHeliTaxi] FLIGHT STAGE = 3
 SCRIPT       : [VorexHeliTaxi] ALTITUDE GAIN = 19.5867
 SCRIPT       : [VorexHeliTaxi] CYCLIC = 0.15
 SCRIPT       : [VorexHeliTaxi] FLIGHT STAGE = 2
 SCRIPT       : [VorexHeliTaxi] ALTITUDE GAIN = 14.7888
 SCRIPT       : [VorexHeliTaxi] CYCLIC = 0.1
 SCRIPT       : [VorexHeliTaxi] ALT=146.498
 SCRIPT       : [VorexHeliTaxi] VY=15.7206
 SCRIPT       : [VorexHeliTaxi] COL=0.65
 SCRIPT       : [VorexHeliTaxi] ROTOR=0.990428
 SCRIPT       : [VorexHeliTaxi] CYCLIC=0.1
 SCRIPT       : [VorexHeliTaxi] ALT=147.868
 SCRIPT       : [VorexHeliTaxi] VY=-5.77856
 SCRIPT       : [VorexHeliTaxi] COL=0.65
 SCRIPT       : [VorexHeliTaxi] ROTOR=0.651542
 SCRIPT       : [VorexHeliTaxi] CYCLIC=0.1
 SCRIPT       : [VorexHeliTaxi] ALT=146.711
 SCRIPT       : [VorexHeliTaxi] VY=-5.93898
 SCRIPT       : [VorexHeliTaxi] COL=0.65
 SCRIPT       : [VorexHeliTaxi] ROTOR=0.378889
 SCRIPT       : [VorexHeliTaxi] CYCLIC=0.1
 SCRIPT       : [VorexHeliTaxi] ALT=146.586
 SCRIPT       : [VorexHeliTaxi] VY=0.541247
 SCRIPT       : [VorexHeliTaxi] COL=0.65
 SCRIPT       : [VorexHeliTaxi] ROTOR=0.230622
 SCRIPT       : [VorexHeliTaxi] CYCLIC=0.1
 SCRIPT       : [VorexHeliTaxi] ALT=146.988
 SCRIPT       : [VorexHeliTaxi] VY=0.243737
 SCRIPT       : [VorexHeliTaxi] COL=0.65
 SCRIPT       : [VorexHeliTaxi] ROTOR=0.149996
 SCRIPT       : [VorexHeliTaxi] CYCLIC=0.1
 SCRIPT       : [VorexHeliTaxi] ALT=147.178
 SCRIPT       : [VorexHeliTaxi] VY=0.0669733
 SCRIPT       : [VorexHeliTaxi] COL=0.65
 SCRIPT       : [VorexHeliTaxi] ROTOR=0.106151
 SCRIPT       : [VorexHeliTaxi] CYCLIC=0.1
 SCRIPT       : [VorexHeliTaxi] ALT=147.192
 SCRIPT       : [VorexHeliTaxi] VY=-0.0548466
 SCRIPT       : [VorexHeliTaxi] COL=0.65
 SCRIPT       : [VorexHeliTaxi] ROTOR=0.0823089
 SCRIPT       : [VorexHeliTaxi] CYCLIC=0.1
 SCRIPT       : [VorexHeliTaxi] ALT=147.099
 SCRIPT       : [VorexHeliTaxi] VY=-0.111732
 SCRIPT       : [VorexHeliTaxi] COL=0.65
 SCRIPT       : [VorexHeliTaxi] ROTOR=0.0693435
 SCRIPT       : [VorexHeliTaxi] CYCLIC=0.1
 SCRIPT       : [VorexHeliTaxi] ALT=146.826
 SCRIPT       : [VorexHeliTaxi] VY=-0.332605
 SCRIPT       : [VorexHeliTaxi] COL=0.65
 SCRIPT       : [VorexHeliTaxi] ROTOR=0.062293
 SCRIPT       : [VorexHeliTaxi] CYCLIC=0.1
 SCRIPT       : [VorexHeliTaxi] ALT=146.672
 SCRIPT       : [VorexHeliTaxi] VY=0.00757523
 SCRIPT       : [VorexHeliTaxi] COL=0.65
 SCRIPT       : [VorexHeliTaxi] ROTOR=0.058459
 SCRIPT       : [VorexHeliTaxi] CYCLIC=0.1
 SCRIPT       : [VorexHeliTaxi] ALT=146.681
 SCRIPT       : [VorexHeliTaxi] VY=0.00865308
 SCRIPT       : [VorexHeliTaxi] COL=0.65
 SCRIPT       : [VorexHeliTaxi] ROTOR=0.0563741
 SCRIPT       : [VorexHeliTaxi] CYCLIC=0.1
 SCRIPT       : [VorexHeliTaxi] ALT=146.691
 SCRIPT       : [VorexHeliTaxi] VY=-0.0176829
 SCRIPT       : [VorexHeliTaxi] COL=0.65
 SCRIPT       : [VorexHeliTaxi] ROTOR=0.0552403
 SCRIPT       : [VorexHeliTaxi] CYCLIC=0.1
 SCRIPT       : [VorexHeliTaxi] ALT=146.698
 SCRIPT       : [VorexHeliTaxi] VY=-0.0145852
 SCRIPT       : [VorexHeliTaxi] COL=0.65
 SCRIPT       : [VorexHeliTaxi] ROTOR=0.0546238
 SCRIPT       : [VorexHeliTaxi] CYCLIC=0.1
 SCRIPT       : [VorexHeliTaxi] ALT=146.697
 SCRIPT       : [VorexHeliTaxi] VY=-0.0115769
 SCRIPT       : [VorexHeliTaxi] COL=0.65
 SCRIPT       : [VorexHeliTaxi] ROTOR=0.0542885
 SCRIPT       : [VorexHeliTaxi] CYCLIC=0.1
 SCRIPT       : [VorexHeliTaxi] ALT=146.699
 SCRIPT       : [VorexHeliTaxi] VY=-0.0129923
 SCRIPT       : [VorexHeliTaxi] COL=0.65
 SCRIPT       : [VorexHeliTaxi] ROTOR=0.0541062
 SCRIPT       : [VorexHeliTaxi] CYCLIC=0.1
 SCRIPT       : [VorexHeliTaxi] ALT=146.702
 SCRIPT       : [VorexHeliTaxi] VY=0.00111194
 SCRIPT       : [VorexHeliTaxi] COL=0.65
 SCRIPT       : [VorexHeliTaxi] ROTOR=0.0540071
 SCRIPT       : [VorexHeliTaxi] CYCLIC=0.1
 SCRIPT       : [VorexHeliTaxi] ALT=146.703
 SCRIPT       : [VorexHeliTaxi] VY=0.0016078
 SCRIPT       : [VorexHeliTaxi] COL=0.65
 SCRIPT       : [VorexHeliTaxi] ROTOR=0.0556218
 SCRIPT       : [VorexHeliTaxi] CYCLIC=0.1
 SCRIPT       : [VorexHeliTaxi] ALT=146.699
 SCRIPT       : [VorexHeliTaxi] VY=-0.00254216
 SCRIPT       : [VorexHeliTaxi] COL=0.65
 SCRIPT       : [VorexHeliTaxi] ROTOR=0.0548312
 SCRIPT       : [VorexHeliTaxi] CYCLIC=0.1
 SCRIPT       : [VorexHeliTaxi] ALT=146.695
 SCRIPT       : [VorexHeliTaxi] VY=-0.0121807
 SCRIPT       : [VorexHeliTaxi] COL=0.65
 SCRIPT       : [VorexHeliTaxi] ROTOR=0.0544013
 SCRIPT       : [VorexHeliTaxi] CYCLIC=0.1
 SCRIPT       : [VorexHeliTaxi] ALT=146.7
 SCRIPT       : [VorexHeliTaxi] VY=0.00808649
 SCRIPT       : [VorexHeliTaxi] COL=0.65
 SCRIPT       : [VorexHeliTaxi] ROTOR=0.0541676
 SCRIPT       : [VorexHeliTaxi] CYCLIC=0.1
 SCRIPT       : [VorexHeliTaxi] ALT=146.705
 SCRIPT       : [VorexHeliTaxi] VY=-0.00499988
 SCRIPT       : [VorexHeliTaxi] COL=0.65
 SCRIPT       : [VorexHeliTaxi] ROTOR=0.0555662
 SCRIPT       : [VorexHeliTaxi] CYCLIC=0.1
 SCRIPT       : [VorexHeliTaxi] ALT=146.702
 SCRIPT       : [VorexHeliTaxi] VY=2.01669e-05
 SCRIPT       : [VorexHeliTaxi] COL=0.65
 SCRIPT       : [VorexHeliTaxi] ROTOR=0.054801
 SCRIPT       : [VorexHeliTaxi] CYCLIC=0.1
 SCRIPT       : [VorexHeliTaxi] ALT=146.706
 SCRIPT       : [VorexHeliTaxi] VY=-0.0046348
 SCRIPT       : [VorexHeliTaxi] COL=0.65
 SCRIPT       : [VorexHeliTaxi] ROTOR=0.0543849
 SCRIPT       : [VorexHeliTaxi] CYCLIC=0.1
 SCRIPT       : [VorexHeliTaxi] ALT=146.702
 SCRIPT       : [VorexHeliTaxi] VY=-0.0144766
 SCRIPT       : [VorexHeliTaxi] COL=0.65
 SCRIPT       : [VorexHeliTaxi] ROTOR=0.0541586
 SCRIPT       : [VorexHeliTaxi] CYCLIC=0.1
 SCRIPT       : [VorexHeliTaxi] ALT=146.703
 SCRIPT       : [VorexHeliTaxi] VY=0.00801807
 SCRIPT       : [VorexHeliTaxi] COL=0.65
 SCRIPT       : [VorexHeliTaxi] ROTOR=0.0540356
 SCRIPT       : [VorexHeliTaxi] CYCLIC=0.1
 SCRIPT       : [VorexHeliTaxi] ALT=146.705
 SCRIPT       : [VorexHeliTaxi] VY=0.00166681
 SCRIPT       : [VorexHeliTaxi] COL=0.65
 SCRIPT       : [VorexHeliTaxi] ROTOR=0.0539687
 SCRIPT       : [VorexHeliTaxi] CYCLIC=0.1
 SCRIPT       : [VorexHeliTaxi] ALT=146.708
 SCRIPT       : [VorexHeliTaxi] VY=-0.00690493
 SCRIPT       : [VorexHeliTaxi] COL=0.65
 SCRIPT       : [VorexHeliTaxi] ROTOR=0.0553219
 SCRIPT       : [VorexHeliTaxi] CYCLIC=0.1
 SCRIPT       : [VorexHeliTaxi] ALT=146.704
 SCRIPT       : [VorexHeliTaxi] VY=-0.0105179
 SCRIPT       : [VorexHeliTaxi] COL=0.65
 SCRIPT       : [VorexHeliTaxi] ROTOR=0.0546682
 SCRIPT       : [VorexHeliTaxi] CYCLIC=0.1
 SCRIPT       : [VorexHeliTaxi] ALT=146.702
 SCRIPT       : [VorexHeliTaxi] VY=-0.0293341
 SCRIPT       : [VorexHeliTaxi] COL=0.65
 SCRIPT       : [VorexHeliTaxi] ROTOR=0.0543126
 SCRIPT       : [VorexHeliTaxi] CYCLIC=0.1
 SCRIPT       : [VorexHeliTaxi] ALT=146.706
 SCRIPT       : [VorexHeliTaxi] VY=0.0578726
 SCRIPT       : [VorexHeliTaxi] COL=0.65
 SCRIPT       : [VorexHeliTaxi] ROTOR=0.0541193
 SCRIPT       : [VorexHeliTaxi] CYCLIC=0.1
 SCRIPT       : [VorexHeliTaxi] ALT=146.706
 SCRIPT       : [VorexHeliTaxi] VY=0.00798656
 SCRIPT       : [VorexHeliTaxi] COL=0.65
 SCRIPT       : [VorexHeliTaxi] ROTOR=0.0540142
 SCRIPT       : [VorexHeliTaxi] CYCLIC=0.1
 SCRIPT       : [VorexHeliTaxi] ALT=146.709
 SCRIPT       : [VorexHeliTaxi] VY=-0.00438323
 SCRIPT       : [VorexHeliTaxi] COL=0.65
 SCRIPT       : [VorexHeliTaxi] ROTOR=0.053957
 SCRIPT       : [VorexHeliTaxi] CYCLIC=0.1
 SCRIPT       : [VorexHeliTaxi] ALT=146.709
 SCRIPT       : [VorexHeliTaxi] VY=0.0150295
 SCRIPT       : [VorexHeliTaxi] COL=0.65
 SCRIPT       : [VorexHeliTaxi] ROTOR=0.0539259
 SCRIPT       : [VorexHeliTaxi] CYCLIC=0.1
 SCRIPT       : [VorexHeliTaxi] ALT=146.704
 SCRIPT       : [VorexHeliTaxi] VY=-0.0130404
 SCRIPT       : [VorexHeliTaxi] COL=0.65
 SCRIPT       : [VorexHeliTaxi] ROTOR=0.053909
 SCRIPT       : [VorexHeliTaxi] CYCLIC=0.1
 SCRIPT       : [VorexHeliTaxi] ALT=146.703
 SCRIPT       : [VorexHeliTaxi] VY=-0.0166062
 SCRIPT       : [VorexHeliTaxi] COL=0.65
 SCRIPT       : [VorexHeliTaxi] ROTOR=0.0538999
 SCRIPT       : [VorexHeliTaxi] CYCLIC=0.1
 SCRIPT       : [VorexHeliTaxi] ALT=146.701
 SCRIPT       : [VorexHeliTaxi] VY=-0.00983799
 SCRIPT       : [VorexHeliTaxi] COL=0.65
 SCRIPT       : [VorexHeliTaxi] ROTOR=0.0538949
 SCRIPT       : [VorexHeliTaxi] CYCLIC=0.1
 SCRIPT       : [VorexHeliTaxi] ALT=146.703
 SCRIPT       : [VorexHeliTaxi] VY=0.0340136
 SCRIPT       : [VorexHeliTaxi] COL=0.65
 SCRIPT       : [VorexHeliTaxi] ROTOR=0.0538921
 SCRIPT       : [VorexHeliTaxi] CYCLIC=0.1
 SCRIPT       : [VorexHeliTaxi] ALT=146.701
 SCRIPT       : [VorexHeliTaxi] VY=-0.013605
 SCRIPT       : [VorexHeliTaxi] COL=0.65
 SCRIPT       : [VorexHeliTaxi] ROTOR=0.0538907
 SCRIPT       : [VorexHeliTaxi] CYCLIC=0.1
 SCRIPT       : [VorexHeliTaxi] ALT=146.707
 SCRIPT       : [VorexHeliTaxi] VY=-0.016223
 SCRIPT       : [VorexHeliTaxi] COL=0.65
 SCRIPT       : [VorexHeliTaxi] ROTOR=0.0538899
 SCRIPT       : [VorexHeliTaxi] CYCLIC=0.1
 SCRIPT       : [VorexHeliTaxi] ALT=146.705
 SCRIPT       : [VorexHeliTaxi] VY=-0.0102716
 SCRIPT       : [VorexHeliTaxi] COL=0.65
 SCRIPT       : [VorexHeliTaxi] ROTOR=0.0538894
 SCRIPT       : [VorexHeliTaxi] CYCLIC=0.1
 SCRIPT       : [VorexHeliTaxi] ALT=146.711
 SCRIPT       : [VorexHeliTaxi] VY=0.00963055
 SCRIPT       : [VorexHeliTaxi] COL=0.65
 SCRIPT       : [VorexHeliTaxi] ROTOR=0.0538892
 SCRIPT       : [VorexHeliTaxi] CYCLIC=0.1
 SCRIPT       : [VorexHeliTaxi] ALT=146.702
 SCRIPT       : [VorexHeliTaxi] VY=-0.00598394
 SCRIPT       : [VorexHeliTaxi] COL=0.65
 SCRIPT       : [VorexHeliTaxi] ROTOR=0.0538891
 SCRIPT       : [VorexHeliTaxi] CYCLIC=0.1
 SCRIPT       : [VorexHeliTaxi] ALT=146.708
 SCRIPT       : [VorexHeliTaxi] VY=-0.00154458
 SCRIPT       : [VorexHeliTaxi] COL=0.65
 SCRIPT       : [VorexHeliTaxi] ROTOR=0.053889
 SCRIPT       : [VorexHeliTaxi] CYCLIC=0.1
 SCRIPT       : [VorexHeliTaxi] ALT=146.709
 SCRIPT       : [VorexHeliTaxi] VY=-0.015599
 SCRIPT       : [VorexHeliTaxi] COL=0.65
 SCRIPT       : [VorexHeliTaxi] ROTOR=0.053889
 SCRIPT       : [VorexHeliTaxi] CYCLIC=0.1
 SCRIPT       : [VorexHeliTaxi] ALT=146.707
 SCRIPT       : [VorexHeliTaxi] VY=0.0278089
 SCRIPT       : [VorexHeliTaxi] COL=0.65
 SCRIPT       : [VorexHeliTaxi] ROTOR=0.053889
 SCRIPT       : [VorexHeliTaxi] CYCLIC=0.1
 SCRIPT       : [VorexHeliTaxi] ALT=146.711
 SCRIPT       : [VorexHeliTaxi] VY=0.0116731
 SCRIPT       : [VorexHeliTaxi] COL=0.65
 SCRIPT       : [VorexHeliTaxi] ROTOR=0.053889
 SCRIPT       : [VorexHeliTaxi] CYCLIC=0.1
 SCRIPT       : [VorexHeliTaxi] ALT=146.713
 SCRIPT       : [VorexHeliTaxi] VY=-0.0177457
 SCRIPT       : [VorexHeliTaxi] COL=0.65
 SCRIPT       : [VorexHeliTaxi] ROTOR=0.0550106
 SCRIPT       : [VorexHeliTaxi] CYCLIC=0.1
 SCRIPT       : [VorexHeliTaxi] ALT=146.711
 SCRIPT       : [VorexHeliTaxi] VY=0.0169651
 SCRIPT       : [VorexHeliTaxi] COL=0.65
 SCRIPT       : [VorexHeliTaxi] ROTOR=0.0567806
 SCRIPT       : [VorexHeliTaxi] CYCLIC=0.1
 SCRIPT       : [VorexHeliTaxi] ALT=146.705
 SCRIPT       : [VorexHeliTaxi] VY=-0.0175199
 SCRIPT       : [VorexHeliTaxi] COL=0.65
 SCRIPT       : [VorexHeliTaxi] ROTOR=0.0554614
 SCRIPT       : [VorexHeliTaxi] CYCLIC=0.1
 SCRIPT       : [VorexHeliTaxi] ALT=146.712
 SCRIPT       : [VorexHeliTaxi] VY=-0.000133535
 SCRIPT       : [VorexHeliTaxi] COL=0.65
 SCRIPT       : [VorexHeliTaxi] ROTOR=0.054744
 SCRIPT       : [VorexHeliTaxi] CYCLIC=0.1
 SCRIPT       : [VorexHeliTaxi] ALT=146.716
 SCRIPT       : [VorexHeliTaxi] VY=-0.012497
 SCRIPT       : [VorexHeliTaxi] COL=0.65
 SCRIPT       : [VorexHeliTaxi] ROTOR=0.0543539
 SCRIPT       : [VorexHeliTaxi] CYCLIC=0.1
 SCRIPT       : [VorexHeliTaxi] ALT=146.708
 SCRIPT       : [VorexHeliTaxi] VY=0.0169105
 SCRIPT       : [VorexHeliTaxi] COL=0.65
 SCRIPT       : [VorexHeliTaxi] ROTOR=0.0541418
 SCRIPT       : [VorexHeliTaxi] CYCLIC=0.1
 SCRIPT       : [VorexHeliTaxi] ALT=146.712
 SCRIPT       : [VorexHeliTaxi] VY=-0.00360595
 SCRIPT       : [VorexHeliTaxi] COL=0.65
 SCRIPT       : [VorexHeliTaxi] ROTOR=0.0540264
 SCRIPT       : [VorexHeliTaxi] CYCLIC=0.1
 SCRIPT       : [VorexHeliTaxi] ALT=146.712
 SCRIPT       : [VorexHeliTaxi] VY=-0.0100234
 SCRIPT       : [VorexHeliTaxi] COL=0.65
 SCRIPT       : [VorexHeliTaxi] ROTOR=0.0539637
 SCRIPT       : [VorexHeliTaxi] CYCLIC=0.1
 SCRIPT       : [VorexHeliTaxi] ALT=146.715
 SCRIPT       : [VorexHeliTaxi] VY=-0.0141082
 SCRIPT       : [VorexHeliTaxi] COL=0.65
 SCRIPT       : [VorexHeliTaxi] ROTOR=0.0565446
 SCRIPT       : [VorexHeliTaxi] CYCLIC=0.1
 SCRIPT       : [VorexHeliTaxi] ALT=146.711
 SCRIPT       : [VorexHeliTaxi] VY=-0.0160039
 SCRIPT       : [VorexHeliTaxi] COL=0.65
 SCRIPT       : [VorexHeliTaxi] ROTOR=0.055333
 SCRIPT       : [VorexHeliTaxi] CYCLIC=0.1
 SCRIPT       : [VorexHeliTaxi] ALT=146.716
 SCRIPT       : [VorexHeliTaxi] VY=-0.00247448
 SCRIPT       : [VorexHeliTaxi] COL=0.65
 SCRIPT       : [VorexHeliTaxi] ROTOR=0.0546742
 SCRIPT       : [VorexHeliTaxi] CYCLIC=0.1
 SCRIPT       : [VorexHeliTaxi] ALT=146.71
 SCRIPT       : [VorexHeliTaxi] VY=-0.00299936
 SCRIPT       : [VorexHeliTaxi] COL=0.65
 SCRIPT       : [VorexHeliTaxi] ROTOR=0.0543159
 SCRIPT       : [VorexHeliTaxi] CYCLIC=0.1
 SCRIPT       : [VorexHeliTaxi] ALT=146.716
 SCRIPT       : [VorexHeliTaxi] VY=0.00186339
 SCRIPT       : [VorexHeliTaxi] COL=0.65
 SCRIPT       : [VorexHeliTaxi] ROTOR=0.0541211
 SCRIPT       : [VorexHeliTaxi] CYCLIC=0.1
 SCRIPT       : [VorexHeliTaxi] ALT=146.71
 SCRIPT       : [VorexHeliTaxi] VY=-0.0249462
 SCRIPT       : [VorexHeliTaxi] COL=0.65
 SCRIPT       : [VorexHeliTaxi] ROTOR=0.0540152
 SCRIPT       : [VorexHeliTaxi] CYCLIC=0.1
 SCRIPT       : [VorexHeliTaxi] ALT=146.716
 SCRIPT       : [VorexHeliTaxi] VY=-0.00114262
 SCRIPT       : [VorexHeliTaxi] COL=0.65
 SCRIPT       : [VorexHeliTaxi] ROTOR=0.0539576
 SCRIPT       : [VorexHeliTaxi] CYCLIC=0.1
 SCRIPT       : [VorexHeliTaxi] ALT=146.713
 SCRIPT       : [VorexHeliTaxi] VY=-0.00369998
 SCRIPT       : [VorexHeliTaxi] COL=0.65
 SCRIPT       : [VorexHeliTaxi] ROTOR=0.0548617
 SCRIPT       : [VorexHeliTaxi] CYCLIC=0.1
 SCRIPT       : [VorexHeliTaxi] ALT=146.713
 SCRIPT       : [VorexHeliTaxi] VY=0.00268764
 SCRIPT       : [VorexHeliTaxi] COL=0.65
 SCRIPT       : [VorexHeliTaxi] ROTOR=0.0544179
 SCRIPT       : [VorexHeliTaxi] CYCLIC=0.1
 SCRIPT       : [VorexHeliTaxi] ALT=146.716
 SCRIPT       : [VorexHeliTaxi] VY=0.0390176
 SCRIPT       : [VorexHeliTaxi] COL=0.65
 SCRIPT       : [VorexHeliTaxi] ROTOR=0.0541766
 SCRIPT       : [VorexHeliTaxi] CYCLIC=0.1
 SCRIPT       : [VorexHeliTaxi] ALT=146.715
 SCRIPT       : [VorexHeliTaxi] VY=-0.0174304
 SCRIPT       : [VorexHeliTaxi] COL=0.65
 SCRIPT       : [VorexHeliTaxi] ROTOR=0.0540453
 SCRIPT       : [VorexHeliTaxi] CYCLIC=0.1
 SCRIPT       : [VorexHeliTaxi] ALT=146.715
 SCRIPT       : [VorexHeliTaxi] VY=-0.0105623
 SCRIPT       : [VorexHeliTaxi] COL=0.65
 SCRIPT       : [VorexHeliTaxi] ROTOR=0.053974
 SCRIPT       : [VorexHeliTaxi] CYCLIC=0.1
 SCRIPT       : [VorexHeliTaxi] ALT=146.714
 SCRIPT       : [VorexHeliTaxi] VY=-0.0112164
 SCRIPT       : [VorexHeliTaxi] COL=0.65
 SCRIPT       : [VorexHeliTaxi] ROTOR=0.0539352
 SCRIPT       : [VorexHeliTaxi] CYCLIC=0.1
 SCRIPT       : [VorexHeliTaxi] ALT=146.724
 SCRIPT       : [VorexHeliTaxi] VY=0.012325
 SCRIPT       : [VorexHeliTaxi] COL=0.65
 SCRIPT       : [VorexHeliTaxi] ROTOR=0.053914
 SCRIPT       : [VorexHeliTaxi] CYCLIC=0.1
 SCRIPT       : [VorexHeliTaxi] ALT=146.719
 SCRIPT       : [VorexHeliTaxi] VY=-0.00386222
 SCRIPT       : [VorexHeliTaxi] COL=0.65
 SCRIPT       : [VorexHeliTaxi] ROTOR=0.0539026
 SCRIPT       : [VorexHeliTaxi] CYCLIC=0.1
 SCRIPT       : [VorexHeliTaxi] ALT=146.714
 SCRIPT       : [VorexHeliTaxi] VY=-0.000873802
 SCRIPT       : [VorexHeliTaxi] COL=0.65
 SCRIPT       : [VorexHeliTaxi] ROTOR=0.0538963
 SCRIPT       : [VorexHeliTaxi] CYCLIC=0.1
 SCRIPT       : [VorexHeliTaxi] ALT=146.721
 SCRIPT       : [VorexHeliTaxi] VY=-0.00416294
 SCRIPT       : [VorexHeliTaxi] COL=0.65
 SCRIPT       : [VorexHeliTaxi] ROTOR=0.0538929
 SCRIPT       : [VorexHeliTaxi] CYCLIC=0.1
 SCRIPT       : [VorexHeliTaxi] ALT=146.719
 SCRIPT       : [VorexHeliTaxi] VY=-0.00761346
 SCRIPT       : [VorexHeliTaxi] COL=0.65
 SCRIPT       : [VorexHeliTaxi] ROTOR=0.0558177
 SCRIPT       : [VorexHeliTaxi] CYCLIC=0.1
 SCRIPT       : [VorexHeliTaxi] ALT=146.715
 SCRIPT       : [VorexHeliTaxi] VY=0.0328596
 SCRIPT       : [VorexHeliTaxi] COL=0.65
 SCRIPT       : [VorexHeliTaxi] ROTOR=0.0549378
 SCRIPT       : [VorexHeliTaxi] CYCLIC=0.1
 SCRIPT       : [VorexHeliTaxi] ALT=146.722
 SCRIPT       : [VorexHeliTaxi] VY=-0.0099919
 SCRIPT       : [VorexHeliTaxi] COL=0.65
 SCRIPT       : [VorexHeliTaxi] ROTOR=0.0544593
 SCRIPT       : [VorexHeliTaxi] CYCLIC=0.1
 SCRIPT       : [VorexHeliTaxi] ALT=146.716
 SCRIPT       : [VorexHeliTaxi] VY=-0.0122456
 SCRIPT       : [VorexHeliTaxi] COL=0.65
 SCRIPT       : [VorexHeliTaxi] ROTOR=0.0541991
 SCRIPT       : [VorexHeliTaxi] CYCLIC=0.1
 SCRIPT       : [VorexHeliTaxi] ALT=146.719
 SCRIPT       : [VorexHeliTaxi] VY=0.000383323
 SCRIPT       : [VorexHeliTaxi] COL=0.65
 SCRIPT       : [VorexHeliTaxi] ROTOR=0.0540576
 SCRIPT       : [VorexHeliTaxi] CYCLIC=0.1
 SCRIPT       : [VorexHeliTaxi] ALT=146.723
 SCRIPT       : [VorexHeliTaxi] VY=-0.000594511
 SCRIPT       : [VorexHeliTaxi] COL=0.65
 SCRIPT       : [VorexHeliTaxi] ROTOR=0.0539806
 SCRIPT       : [VorexHeliTaxi] CYCLIC=0.1
 SCRIPT       : [VorexHeliTaxi] ALT=146.72
 SCRIPT       : [VorexHeliTaxi] VY=-0.0203326
 SCRIPT       : [VorexHeliTaxi] COL=0.65
 SCRIPT       : [VorexHeliTaxi] ROTOR=0.0539388
 SCRIPT       : [VorexHeliTaxi] CYCLIC=0.1
 SCRIPT       : [VorexHeliTaxi] ALT=146.717
 SCRIPT       : [VorexHeliTaxi] VY=-0.0050964
 SCRIPT       : [VorexHeliTaxi] COL=0.65
 SCRIPT       : [VorexHeliTaxi] ROTOR=0.053916
 SCRIPT       : [VorexHeliTaxi] CYCLIC=0.1
 SCRIPT       : [VorexHeliTaxi] ALT=146.719
 SCRIPT       : [VorexHeliTaxi] VY=-0.0107928
 SCRIPT       : [VorexHeliTaxi] COL=0.65
 SCRIPT       : [VorexHeliTaxi] ROTOR=0.0539036
 SCRIPT       : [VorexHeliTaxi] CYCLIC=0.1
 SCRIPT       : [VorexHeliTaxi] ALT=146.724
 SCRIPT       : [VorexHeliTaxi] VY=-0.00282525
 SCRIPT       : [VorexHeliTaxi] COL=0.65
 SCRIPT       : [VorexHeliTaxi] ROTOR=0.0568122
 SCRIPT       : [VorexHeliTaxi] CYCLIC=0.1
 SCRIPT       : [VorexHeliTaxi] ALT=146.722
 SCRIPT       : [VorexHeliTaxi] VY=-0.0173523
 SCRIPT       : [VorexHeliTaxi] COL=0.65
 SCRIPT       : [VorexHeliTaxi] ROTOR=0.0566842
 SCRIPT       : [VorexHeliTaxi] CYCLIC=0.1
 SCRIPT       : [VorexHeliTaxi] ALT=146.723
 SCRIPT       : [VorexHeliTaxi] VY=-0.00671579
 SCRIPT       : [VorexHeliTaxi] COL=0.65
 SCRIPT       : [VorexHeliTaxi] ROTOR=0.0554089
 SCRIPT       : [VorexHeliTaxi] CYCLIC=0.1
 SCRIPT       : [VorexHeliTaxi] ALT=146.726
 SCRIPT       : [VorexHeliTaxi] VY=-0.00930123
 SCRIPT       : [VorexHeliTaxi] COL=0.65
 SCRIPT       : [VorexHeliTaxi] ROTOR=0.0547155
 SCRIPT       : [VorexHeliTaxi] CYCLIC=0.1
 SCRIPT       : [VorexHeliTaxi] ALT=146.72
 SCRIPT       : [VorexHeliTaxi] VY=-0.0179891
 SCRIPT       : [VorexHeliTaxi] COL=0.65
 SCRIPT       : [VorexHeliTaxi] ROTOR=0.0543384
 SCRIPT       : [VorexHeliTaxi] CYCLIC=0.1
 SCRIPT       : [VorexHeliTaxi] ALT=146.722
 SCRIPT       : [VorexHeliTaxi] VY=-0.00701458
 SCRIPT       : [VorexHeliTaxi] COL=0.65
 SCRIPT       : [VorexHeliTaxi] ROTOR=0.0541333
 SCRIPT       : [VorexHeliTaxi] CYCLIC=0.1
 SCRIPT       : [VorexHeliTaxi] ALT=146.721
 SCRIPT       : [VorexHeliTaxi] VY=-0.0135466
 SCRIPT       : [VorexHeliTaxi] COL=0.65
 SCRIPT       : [VorexHeliTaxi] ROTOR=0.0540218
 SCRIPT       : [VorexHeliTaxi] CYCLIC=0.1
 SCRIPT       : [VorexHeliTaxi] ALT=146.723
 SCRIPT       : [VorexHeliTaxi] VY=-0.011846
 SCRIPT       : [VorexHeliTaxi] COL=0.65
 SCRIPT       : [VorexHeliTaxi] ROTOR=0.0539612
 SCRIPT       : [VorexHeliTaxi] CYCLIC=0.1
 SCRIPT       : [VorexHeliTaxi] ALT=146.723
 SCRIPT       : [VorexHeliTaxi] VY=0.00185324
 SCRIPT       : [VorexHeliTaxi] COL=0.65
 SCRIPT       : [VorexHeliTaxi] ROTOR=0.0549225
 SCRIPT       : [VorexHeliTaxi] CYCLIC=0.1
 SCRIPT       : [VorexHeliTaxi] ALT=146.727
 SCRIPT       : [VorexHeliTaxi] VY=0.00504437
 SCRIPT       : [VorexHeliTaxi] COL=0.65
 SCRIPT       : [VorexHeliTaxi] ROTOR=0.0544509
 SCRIPT       : [VorexHeliTaxi] CYCLIC=0.1
 SCRIPT       : [VorexHeliTaxi] ALT=146.721
 SCRIPT       : [VorexHeliTaxi] VY=-0.0138979
 SCRIPT       : [VorexHeliTaxi] COL=0.65
 SCRIPT       : [VorexHeliTaxi] ROTOR=0.0541945
 SCRIPT       : [VorexHeliTaxi] CYCLIC=0.1
 SCRIPT       : [VorexHeliTaxi] ALT=146.725
 SCRIPT       : [VorexHeliTaxi] VY=-0.000542899
 SCRIPT       : [VorexHeliTaxi] COL=0.65
 SCRIPT       : [VorexHeliTaxi] ROTOR=0.0557269
 SCRIPT       : [VorexHeliTaxi] CYCLIC=0.1
 SCRIPT       : [VorexHeliTaxi] ALT=146.722
 SCRIPT       : [VorexHeliTaxi] VY=-0.000730504
 SCRIPT       : [VorexHeliTaxi] COL=0.65
 SCRIPT       : [VorexHeliTaxi] ROTOR=0.0548884
 SCRIPT       : [VorexHeliTaxi] CYCLIC=0.1
 SCRIPT       : [VorexHeliTaxi] ALT=146.723
 SCRIPT       : [VorexHeliTaxi] VY=-0.0156345
 SCRIPT       : [VorexHeliTaxi] COL=0.65
 SCRIPT       : [VorexHeliTaxi] ROTOR=0.0544324
 SCRIPT       : [VorexHeliTaxi] CYCLIC=0.1
 SCRIPT       : [VorexHeliTaxi] ALT=146.729
 SCRIPT       : [VorexHeliTaxi] VY=-0.00815548
 SCRIPT       : [VorexHeliTaxi] COL=0.65
 SCRIPT       : [VorexHeliTaxi] ROTOR=0.0541844
 SCRIPT       : [VorexHeliTaxi] CYCLIC=0.1
 SCRIPT       : [VorexHeliTaxi] ALT=146.726
 SCRIPT       : [VorexHeliTaxi] VY=0.00880224
 SCRIPT       : [VorexHeliTaxi] COL=0.65
 SCRIPT       : [VorexHeliTaxi] ROTOR=0.0569664
 SCRIPT       : [VorexHeliTaxi] CYCLIC=0.1
 SCRIPT       : [VorexHeliTaxi] ALT=146.727
 SCRIPT       : [VorexHeliTaxi] VY=-0.00334281
 SCRIPT       : [VorexHeliTaxi] COL=0.65
 SCRIPT       : [VorexHeliTaxi] ROTOR=0.0566072
 SCRIPT       : [VorexHeliTaxi] CYCLIC=0.1
 SCRIPT       : [VorexHeliTaxi] ALT=146.731
 SCRIPT       : [VorexHeliTaxi] VY=-0.0158066
 SCRIPT       : [VorexHeliTaxi] COL=0.65
 SCRIPT       : [VorexHeliTaxi] ROTOR=0.0565009
 SCRIPT       : [VorexHeliTaxi] CYCLIC=0.1
 SCRIPT       : [VorexHeliTaxi] ALT=146.731
 SCRIPT       : [VorexHeliTaxi] VY=-0.00752929
 SCRIPT       : [VorexHeliTaxi] COL=0.65
 SCRIPT       : [VorexHeliTaxi] ROTOR=0.0553093
 SCRIPT       : [VorexHeliTaxi] CYCLIC=0.1
 SCRIPT       : [VorexHeliTaxi] ALT=146.73
 SCRIPT       : [VorexHeliTaxi] VY=-0.0135528
 SCRIPT       : [VorexHeliTaxi] COL=0.65
 SCRIPT       : [VorexHeliTaxi] ROTOR=0.0582343
 SCRIPT       : [VorexHeliTaxi] CYCLIC=0.1
 SCRIPT       : [VorexHeliTaxi] ALT=146.73
 SCRIPT       : [VorexHeliTaxi] VY=-0.00497171
 SCRIPT       : [VorexHeliTaxi] COL=0.65
 SCRIPT       : [VorexHeliTaxi] ROTOR=0.0562519
 SCRIPT       : [VorexHeliTaxi] CYCLIC=0.1
 SCRIPT       : [VorexHeliTaxi] ALT=146.73
 SCRIPT       : [VorexHeliTaxi] VY=0.0207421
 SCRIPT       : [VorexHeliTaxi] COL=0.65
 SCRIPT       : [VorexHeliTaxi] ROTOR=0.0684196
 SCRIPT       : [VorexHeliTaxi] CYCLIC=0.1
 SCRIPT       : [VorexHeliTaxi] ALT=146.73
 SCRIPT       : [VorexHeliTaxi] VY=0.000791733
 SCRIPT       : [VorexHeliTaxi] COL=0.65
 SCRIPT       : [VorexHeliTaxi] ROTOR=0.0751351
 SCRIPT       : [VorexHeliTaxi] CYCLIC=0.1
 SCRIPT       : [VorexHeliTaxi] ALT=146.73
 SCRIPT       : [VorexHeliTaxi] VY=-0.000434158
 SCRIPT       : [VorexHeliTaxi] COL=0.65
 SCRIPT       : [VorexHeliTaxi] ROTOR=0.0796032
 SCRIPT       : [VorexHeliTaxi] CYCLIC=0.1
 SCRIPT       : [VorexHeliTaxi] ALT=146.731
 SCRIPT       : [VorexHeliTaxi] VY=-0.00308238
 SCRIPT       : [VorexHeliTaxi] COL=0.65
 SCRIPT       : [VorexHeliTaxi] ROTOR=0.091276
 SCRIPT       : [VorexHeliTaxi] CYCLIC=0.1
 SCRIPT       : [VorexHeliTaxi] ALT=146.732
 SCRIPT       : [VorexHeliTaxi] VY=-0.00726307
 SCRIPT       : [VorexHeliTaxi] COL=0.65
 SCRIPT       : [VorexHeliTaxi] ROTOR=0.0919974
 SCRIPT       : [VorexHeliTaxi] CYCLIC=0.1
 SCRIPT       : [VorexHeliTaxi] ALT=146.733
 SCRIPT       : [VorexHeliTaxi] VY=-0.00761332
 SCRIPT       : [VorexHeliTaxi] COL=0.65
 SCRIPT       : [VorexHeliTaxi] ROTOR=0.0746121
 SCRIPT       : [VorexHeliTaxi] CYCLIC=0.1
 SCRIPT       : [VorexHeliTaxi] ALT=146.733
 SCRIPT       : [VorexHeliTaxi] VY=0.0250037
 SCRIPT       : [VorexHeliTaxi] COL=0.65
 SCRIPT       : [VorexHeliTaxi] ROTOR=0.0690507
 SCRIPT       : [VorexHeliTaxi] CYCLIC=0.1
 SCRIPT       : [VorexHeliTaxi] ALT=146.733
 SCRIPT       : [VorexHeliTaxi] VY=-0.00486638
 SCRIPT       : [VorexHeliTaxi] COL=0.65
 SCRIPT       : [VorexHeliTaxi] ROTOR=0.0621338
 SCRIPT       : [VorexHeliTaxi] CYCLIC=0.1
 SCRIPT       : [VorexHeliTaxi] ALT=146.734
 SCRIPT       : [VorexHeliTaxi] VY=-0.00411765
 SCRIPT       : [VorexHeliTaxi] COL=0.65
 SCRIPT       : [VorexHeliTaxi] ROTOR=0.0618889
 SCRIPT       : [VorexHeliTaxi] CYCLIC=0.1
 SCRIPT       : [VorexHeliTaxi] ALT=146.735
 SCRIPT       : [VorexHeliTaxi] VY=0.0150971
 SCRIPT       : [VorexHeliTaxi] COL=0.65
 SCRIPT       : [VorexHeliTaxi] ROTOR=0.0632754
 SCRIPT       : [VorexHeliTaxi] CYCLIC=0.1
 SCRIPT       : [VorexHeliTaxi] ALT=146.735
 SCRIPT       : [VorexHeliTaxi] VY=-0.00228389
 SCRIPT       : [VorexHeliTaxi] COL=0.65
 SCRIPT       : [VorexHeliTaxi] ROTOR=0.0589933
 SCRIPT       : [VorexHeliTaxi] CYCLIC=0.1
 SCRIPT       : [VorexHeliTaxi] ALT=146.736
 SCRIPT       : [VorexHeliTaxi] VY=-0.0164841
 SCRIPT       : [VorexHeliTaxi] COL=0.65
 SCRIPT       : [VorexHeliTaxi] ROTOR=0.0592203
 SCRIPT       : [VorexHeliTaxi] CYCLIC=0.1
 SCRIPT       : [VorexHeliTaxi] ALT=146.735
 SCRIPT       : [VorexHeliTaxi] VY=-0.00143067
 SCRIPT       : [VorexHeliTaxi] COL=0.65
 SCRIPT       : [VorexHeliTaxi] ROTOR=0.0614205
 SCRIPT       : [VorexHeliTaxi] CYCLIC=0.1
 SCRIPT       : [VorexHeliTaxi] ALT=146.736
 SCRIPT       : [VorexHeliTaxi] VY=0.0102328
 SCRIPT       : [VorexHeliTaxi] COL=0.65
 SCRIPT       : [VorexHeliTaxi] ROTOR=0.070336
 SCRIPT       : [VorexHeliTaxi] CYCLIC=0.1
 SCRIPT       : [VorexHeliTaxi] ALT=146.736
 SCRIPT       : [VorexHeliTaxi] VY=0.0068099
 SCRIPT       : [VorexHeliTaxi] COL=0.65
 SCRIPT       : [VorexHeliTaxi] ROTOR=0.0783854
 SCRIPT       : [VorexHeliTaxi] CYCLIC=0.1
 SCRIPT       : [VorexHeliTaxi] ALT=146.738
 SCRIPT       : [VorexHeliTaxi] VY=0.0188453
 SCRIPT       : [VorexHeliTaxi] COL=0.65
 SCRIPT       : [VorexHeliTaxi] ROTOR=0.0725822
 SCRIPT       : [VorexHeliTaxi] CYCLIC=0.1
 SCRIPT       : [VorexHeliTaxi] ALT=146.738
 SCRIPT       : [VorexHeliTaxi] VY=-0.00124996
 SCRIPT       : [VorexHeliTaxi] COL=0.65
 SCRIPT       : [VorexHeliTaxi] ROTOR=0.0657999
 SCRIPT       : [VorexHeliTaxi] CYCLIC=0.1
 SCRIPT       : [VorexHeliTaxi] ALT=146.737
 SCRIPT       : [VorexHeliTaxi] VY=-0.0103136
 SCRIPT       : [VorexHeliTaxi] COL=0.65
 SCRIPT       : [VorexHeliTaxi] ROTOR=0.0621345
 SCRIPT       : [VorexHeliTaxi] CYCLIC=0.1
 SCRIPT       : [VorexHeliTaxi] ALT=146.737
 SCRIPT       : [VorexHeliTaxi] VY=-0.00527638
 SCRIPT       : [VorexHeliTaxi] COL=0.65
 SCRIPT       : [VorexHeliTaxi] ROTOR=0.0583728
 SCRIPT       : [VorexHeliTaxi] CYCLIC=0.1
 SCRIPT       : [VorexHeliTaxi] ALT=146.737
 SCRIPT       : [VorexHeliTaxi] VY=-0.00309559
 SCRIPT       : [VorexHeliTaxi] COL=0.65
 SCRIPT       : [VorexHeliTaxi] ROTOR=0.0598247
 SCRIPT       : [VorexHeliTaxi] CYCLIC=0.1
 SCRIPT       : [VorexHeliTaxi] ALT=146.737
 SCRIPT       : [VorexHeliTaxi] VY=-0.00132436
 SCRIPT       : [VorexHeliTaxi] COL=0.65
 SCRIPT       : [VorexHeliTaxi] ROTOR=0.0655066
 SCRIPT       : [VorexHeliTaxi] CYCLIC=0.1
 SCRIPT       : [VorexHeliTaxi] ALT=146.738
 SCRIPT       : [VorexHeliTaxi] VY=-0.0101156
 SCRIPT       : [VorexHeliTaxi] COL=0.65
 SCRIPT       : [VorexHeliTaxi] ROTOR=0.0694427
 SCRIPT       : [VorexHeliTaxi] CYCLIC=0.1
 SCRIPT       : [VorexHeliTaxi] ALT=146.738
 SCRIPT       : [VorexHeliTaxi] VY=0.0185447
 SCRIPT       : [VorexHeliTaxi] COL=0.65
 SCRIPT       : [VorexHeliTaxi] ROTOR=0.0700095
 SCRIPT       : [VorexHeliTaxi] CYCLIC=0.1
 SCRIPT       : [VorexHeliTaxi] ALT=146.738
 SCRIPT       : [VorexHeliTaxi] VY=-0.00114109
 SCRIPT       : [VorexHeliTaxi] COL=0.65
 SCRIPT       : [VorexHeliTaxi] ROTOR=0.0764052
 SCRIPT       : [VorexHeliTaxi] CYCLIC=0.1
 SCRIPT       : [VorexHeliTaxi] ALT=146.738
 SCRIPT       : [VorexHeliTaxi] VY=0.00117685
 SCRIPT       : [VorexHeliTaxi] COL=0.65
 SCRIPT       : [VorexHeliTaxi] ROTOR=0.106896
 SCRIPT       : [VorexHeliTaxi] CYCLIC=0.1
 SCRIPT       : [VorexHeliTaxi] ALT=146.738
 SCRIPT       : [VorexHeliTaxi] VY=-0.000827988
 SCRIPT       : [VorexHeliTaxi] COL=0.65
 SCRIPT       : [VorexHeliTaxi] ROTOR=0.102535
 SCRIPT       : [VorexHeliTaxi] CYCLIC=0.1
 SCRIPT       : [VorexHeliTaxi] ALT=146.739
 SCRIPT       : [VorexHeliTaxi] VY=-0.00420623
 SCRIPT       : [VorexHeliTaxi] COL=0.65
 SCRIPT       : [VorexHeliTaxi] ROTOR=0.089971
 SCRIPT       : [VorexHeliTaxi] CYCLIC=0.1
 SCRIPT       : [VorexHeliTaxi] ALT=146.739
 SCRIPT       : [VorexHeliTaxi] VY=-0.00399646
 SCRIPT       : [VorexHeliTaxi] COL=0.65
 SCRIPT       : [VorexHeliTaxi] ROTOR=0.0787191
 SCRIPT       : [VorexHeliTaxi] CYCLIC=0.1
 SCRIPT       : [VorexHeliTaxi] ALT=146.741
 SCRIPT       : [VorexHeliTaxi] VY=0.00316614
 SCRIPT       : [VorexHeliTaxi] COL=0.65
 SCRIPT       : [VorexHeliTaxi] ROTOR=0.0758064
 SCRIPT       : [VorexHeliTaxi] CYCLIC=0.1
 SCRIPT       : [VorexHeliTaxi] ALT=146.74
 SCRIPT       : [VorexHeliTaxi] VY=0.0257463
 SCRIPT       : [VorexHeliTaxi] COL=0.65
 SCRIPT       : [VorexHeliTaxi] ROTOR=0.0903122
 SCRIPT       : [VorexHeliTaxi] CYCLIC=0.1
 SCRIPT       : [VorexHeliTaxi] ALT=146.741
 SCRIPT       : [VorexHeliTaxi] VY=0.0289719
 SCRIPT       : [VorexHeliTaxi] COL=0.65
 SCRIPT       : [VorexHeliTaxi] ROTOR=0.0944925
 SCRIPT       : [VorexHeliTaxi] CYCLIC=0.1
 SCRIPT       : [VorexHeliTaxi] ALT=146.742
 SCRIPT       : [VorexHeliTaxi] VY=0.000354881
 SCRIPT       : [VorexHeliTaxi] COL=0.65
 SCRIPT       : [VorexHeliTaxi] ROTOR=0.0782685
 SCRIPT       : [VorexHeliTaxi] CYCLIC=0.1
 SCRIPT       : [VorexHeliTaxi] ALT=146.743
 SCRIPT       : [VorexHeliTaxi] VY=0.0166683
 SCRIPT       : [VorexHeliTaxi] COL=0.65
 SCRIPT       : [VorexHeliTaxi] ROTOR=0.0772035
 SCRIPT       : [VorexHeliTaxi] CYCLIC=0.1
 SCRIPT       : [VorexHeliTaxi] ALT=146.743
 SCRIPT       : [VorexHeliTaxi] VY=-0.000569254
 SCRIPT       : [VorexHeliTaxi] COL=0.65
 SCRIPT       : [VorexHeliTaxi] ROTOR=0.0706969
 SCRIPT       : [VorexHeliTaxi] CYCLIC=0.1
 SCRIPT       : [VorexHeliTaxi] ALT=146.743
 SCRIPT       : [VorexHeliTaxi] VY=0.000851644
 SCRIPT       : [VorexHeliTaxi] COL=0.65
 SCRIPT       : [VorexHeliTaxi] ROTOR=0.101159
 SCRIPT       : [VorexHeliTaxi] CYCLIC=0.1
 SCRIPT       : [VorexHeliTaxi] ALT=146.743
 SCRIPT       : [VorexHeliTaxi] VY=0.000241839
 SCRIPT       : [VorexHeliTaxi] COL=0.65
 SCRIPT       : [VorexHeliTaxi] ROTOR=0.112928
 SCRIPT       : [VorexHeliTaxi] CYCLIC=0.1
 SCRIPT       : [VorexHeliTaxi] ALT=146.744
 SCRIPT       : [VorexHeliTaxi] VY=0.000481245
 SCRIPT       : [VorexHeliTaxi] COL=0.65
 SCRIPT       : [VorexHeliTaxi] ROTOR=0.110907
 SCRIPT       : [VorexHeliTaxi] CYCLIC=0.1
 SCRIPT       : [VorexHeliTaxi] ALT=146.744
 SCRIPT       : [VorexHeliTaxi] VY=-0.00533328
 SCRIPT       : [VorexHeliTaxi] COL=0.65
 SCRIPT       : [VorexHeliTaxi] ROTOR=0.0952727
 SCRIPT       : [VorexHeliTaxi] CYCLIC=0.1
 SCRIPT       : [VorexHeliTaxi] ALT=146.745
 SCRIPT       : [VorexHeliTaxi] VY=-0.000171576
 SCRIPT       : [VorexHeliTaxi] COL=0.65
 SCRIPT       : [VorexHeliTaxi] ROTOR=0.0835464
 SCRIPT       : [VorexHeliTaxi] CYCLIC=0.1
 SCRIPT       : [VorexHeliTaxi] ALT=146.745
 SCRIPT       : [VorexHeliTaxi] VY=0.00133698
 SCRIPT       : [VorexHeliTaxi] COL=0.65
 SCRIPT       : [VorexHeliTaxi] ROTOR=0.0932487
 SCRIPT       : [VorexHeliTaxi] CYCLIC=0.1
 SCRIPT       : [VorexHeliTaxi] ALT=146.745
 SCRIPT       : [VorexHeliTaxi] VY=0.000980617
 SCRIPT       : [VorexHeliTaxi] COL=0.65
 SCRIPT       : [VorexHeliTaxi] ROTOR=0.116201
 SCRIPT       : [VorexHeliTaxi] CYCLIC=0.1
 SCRIPT       : [VorexHeliTaxi] ALT=146.748
 SCRIPT       : [VorexHeliTaxi] VY=0.0365104
 SCRIPT       : [VorexHeliTaxi] COL=0.65
 SCRIPT       : [VorexHeliTaxi] ROTOR=0.0988569
 SCRIPT       : [VorexHeliTaxi] CYCLIC=0.1
 SCRIPT       : [VorexHeliTaxi] ALT=146.748
 SCRIPT       : [VorexHeliTaxi] VY=0.0144003
 SCRIPT       : [VorexHeliTaxi] COL=0.65
 SCRIPT       : [VorexHeliTaxi] ROTOR=0.0800916
 SCRIPT       : [VorexHeliTaxi] CYCLIC=0.1
 SCRIPT       : [VorexHeliTaxi] ALT=146.747
 SCRIPT       : [VorexHeliTaxi] VY=0.000335716
 SCRIPT       : [VorexHeliTaxi] COL=0.65
 SCRIPT       : [VorexHeliTaxi] ROTOR=0.0831907
 SCRIPT       : [VorexHeliTaxi] CYCLIC=0.1
 SCRIPT       : [VorexHeliTaxi] ALT=146.749
 SCRIPT       : [VorexHeliTaxi] VY=-0.0176517
 SCRIPT       : [VorexHeliTaxi] COL=0.65
 SCRIPT       : [VorexHeliTaxi] ROTOR=0.0818612
 SCRIPT       : [VorexHeliTaxi] CYCLIC=0.1
 SCRIPT       : [VorexHeliTaxi] ALT=146.747
 SCRIPT       : [VorexHeliTaxi] VY=-0.000447058
 SCRIPT       : [VorexHeliTaxi] COL=0.65
 SCRIPT       : [VorexHeliTaxi] ROTOR=0.0728439
 SCRIPT       : [VorexHeliTaxi] CYCLIC=0.1
 SCRIPT       : [VorexHeliTaxi] ALT=146.749
 SCRIPT       : [VorexHeliTaxi] VY=-0.0148578
 SCRIPT       : [VorexHeliTaxi] COL=0.65
 SCRIPT       : [VorexHeliTaxi] ROTOR=0.0925617
 SCRIPT       : [VorexHeliTaxi] CYCLIC=0.1
 SCRIPT       : [VorexHeliTaxi] ALT=146.748
 SCRIPT       : [VorexHeliTaxi] VY=0.000486179
 SCRIPT       : [VorexHeliTaxi] COL=0.65
 SCRIPT       : [VorexHeliTaxi] ROTOR=0.106803
 SCRIPT       : [VorexHeliTaxi] CYCLIC=0.1
 SCRIPT       : [VorexHeliTaxi] ALT=146.749
 SCRIPT       : [VorexHeliTaxi] VY=-0.00493324
 SCRIPT       : [VorexHeliTaxi] COL=0.65
 SCRIPT       : [VorexHeliTaxi] ROTOR=0.105508
 SCRIPT       : [VorexHeliTaxi] CYCLIC=0.1
 SCRIPT       : [VorexHeliTaxi] ALT=146.75
 SCRIPT       : [VorexHeliTaxi] VY=0.0156532
 SCRIPT       : [VorexHeliTaxi] COL=0.65
 SCRIPT       : [VorexHeliTaxi] ROTOR=0.109551
 SCRIPT       : [VorexHeliTaxi] CYCLIC=0.1
 SCRIPT       : [VorexHeliTaxi] ALT=146.752
 SCRIPT       : [VorexHeliTaxi] VY=-0.00220783
 SCRIPT       : [VorexHeliTaxi] COL=0.65
 SCRIPT       : [VorexHeliTaxi] ROTOR=0.0863609
 SCRIPT       : [VorexHeliTaxi] CYCLIC=0.1
 SCRIPT       : [VorexHeliTaxi] ALT=146.751
 SCRIPT       : [VorexHeliTaxi] VY=8.33519e-05
 SCRIPT       : [VorexHeliTaxi] COL=0.65
 SCRIPT       : [VorexHeliTaxi] ROTOR=0.0781866
 SCRIPT       : [VorexHeliTaxi] CYCLIC=0.1
 SCRIPT       : [VorexHeliTaxi] ALT=146.75
 SCRIPT       : [VorexHeliTaxi] VY=2.38346e-05
 SCRIPT       : [VorexHeliTaxi] COL=0.65
 SCRIPT       : [VorexHeliTaxi] ROTOR=0.0781945
 SCRIPT       : [VorexHeliTaxi] CYCLIC=0.1
 SCRIPT       : [VorexHeliTaxi] ALT=146.751
 SCRIPT       : [VorexHeliTaxi] VY=-0.0142125
 SCRIPT       : [VorexHeliTaxi] COL=0.65
 SCRIPT       : [VorexHeliTaxi] ROTOR=0.0758536
 SCRIPT       : [VorexHeliTaxi] CYCLIC=0.1
 SCRIPT       : [VorexHeliTaxi] ALT=146.752
 SCRIPT       : [VorexHeliTaxi] VY=0.0206935
 SCRIPT       : [VorexHeliTaxi] COL=0.65
 SCRIPT       : [VorexHeliTaxi] ROTOR=0.0689678
 SCRIPT       : [VorexHeliTaxi] CYCLIC=0.1
 SCRIPT       : [VorexHeliTaxi] ALT=146.751
 SCRIPT       : [VorexHeliTaxi] VY=-0.00355005
 SCRIPT       : [VorexHeliTaxi] COL=0.65
 SCRIPT       : [VorexHeliTaxi] ROTOR=0.0688779
 SCRIPT       : [VorexHeliTaxi] CYCLIC=0.1
 SCRIPT       : [VorexHeliTaxi] ALT=146.753
 SCRIPT       : [VorexHeliTaxi] VY=0.0127978
 SCRIPT       : [VorexHeliTaxi] COL=0.65
 SCRIPT       : [VorexHeliTaxi] ROTOR=0.0922492
 SCRIPT       : [VorexHeliTaxi] CYCLIC=0.1
 SCRIPT       : [VorexHeliTaxi] ALT=146.752
 SCRIPT       : [VorexHeliTaxi] VY=-0.0133419
 SCRIPT       : [VorexHeliTaxi] COL=0.65
 SCRIPT       : [VorexHeliTaxi] ROTOR=0.0765864
 SCRIPT       : [VorexHeliTaxi] CYCLIC=0.1
 SCRIPT       : [VorexHeliTaxi] ALT=146.752
 SCRIPT       : [VorexHeliTaxi] VY=-0.00235689
 SCRIPT       : [VorexHeliTaxi] COL=0.65
 SCRIPT       : [VorexHeliTaxi] ROTOR=0.0711758
 SCRIPT       : [VorexHeliTaxi] CYCLIC=0.1
 SCRIPT       : [VorexHeliTaxi] ALT=146.752
 SCRIPT       : [VorexHeliTaxi] VY=0.00143993
 SCRIPT       : [VorexHeliTaxi] COL=0.65
 SCRIPT       : [VorexHeliTaxi] ROTOR=0.100154
 SCRIPT       : [VorexHeliTaxi] CYCLIC=0.1
 SCRIPT       : [VorexHeliTaxi] ALT=146.754
 SCRIPT       : [VorexHeliTaxi] VY=-0.0140663
 SCRIPT       : [VorexHeliTaxi] COL=0.65
 SCRIPT       : [VorexHeliTaxi] ROTOR=0.0825544
 SCRIPT       : [VorexHeliTaxi] CYCLIC=0.1
 SCRIPT       : [VorexHeliTaxi] ALT=146.754
 SCRIPT       : [VorexHeliTaxi] VY=-0.0101817
 SCRIPT       : [VorexHeliTaxi] COL=0.65
 SCRIPT       : [VorexHeliTaxi] ROTOR=0.0712262
 SCRIPT       : [VorexHeliTaxi] CYCLIC=0.1
 SCRIPT       : [VorexHeliTaxi] ALT=146.754
 SCRIPT       : [VorexHeliTaxi] VY=0.0119354
 SCRIPT       : [VorexHeliTaxi] COL=0.65
 SCRIPT       : [VorexHeliTaxi] ROTOR=0.0716195
 SCRIPT       : [VorexHeliTaxi] CYCLIC=0.1
 SCRIPT       : [VorexHeliTaxi] ALT=146.755
 SCRIPT       : [VorexHeliTaxi] VY=0.0342968
 SCRIPT       : [VorexHeliTaxi] COL=0.65
 SCRIPT       : [VorexHeliTaxi] ROTOR=0.0728384
 SCRIPT       : [VorexHeliTaxi] CYCLIC=0.1
 SCRIPT       : [VorexHeliTaxi] ALT=146.755
 SCRIPT       : [VorexHeliTaxi] VY=-0.01792
 SCRIPT       : [VorexHeliTaxi] COL=0.65
 SCRIPT       : [VorexHeliTaxi] ROTOR=0.068769
 SCRIPT       : [VorexHeliTaxi] CYCLIC=0.1
 SCRIPT       : [VorexHeliTaxi] TEST: Engine START
 SCRIPT       : [VorexHeliTaxi] TEST: Start altitude = 140.059
 SCRIPT       : [VorexHeliTaxi] TEST: AutoCollective ENABLED
 SCRIPT       : [VorexHeliTaxi] TEST: Target altitude = 165.059
 SCRIPT       : [VorexHeliTaxi] ALT=140.059
 SCRIPT       : [VorexHeliTaxi] VY=-0.00249316
 SCRIPT       : [VorexHeliTaxi] COL=0.65
 SCRIPT       : [VorexHeliTaxi] ROTOR=0.0316667
 SCRIPT       : [VorexHeliTaxi] CYCLIC=0.05
 SCRIPT       : [VorexHeliTaxi] ALT=140.059
 SCRIPT       : [VorexHeliTaxi] VY=0.000854572
 SCRIPT       : [VorexHeliTaxi] COL=0.65
 SCRIPT       : [VorexHeliTaxi] ROTOR=0.065
 SCRIPT       : [VorexHeliTaxi] CYCLIC=0.05
 SCRIPT       : [VorexHeliTaxi] ALT=140.059
 SCRIPT       : [VorexHeliTaxi] VY=-5.82841e-05
 SCRIPT       : [VorexHeliTaxi] COL=0.65
 SCRIPT       : [VorexHeliTaxi] ROTOR=0.0983333
 SCRIPT       : [VorexHeliTaxi] CYCLIC=0.05
 SCRIPT       : [VorexHeliTaxi] ALT=140.059
 SCRIPT       : [VorexHeliTaxi] VY=-0.000352892
 SCRIPT       : [VorexHeliTaxi] COL=0.65
 SCRIPT       : [VorexHeliTaxi] ROTOR=0.131667
 SCRIPT       : [VorexHeliTaxi] CYCLIC=0.05
 SCRIPT       : [VorexHeliTaxi] ALT=140.059
 SCRIPT       : [VorexHeliTaxi] VY=3.08271e-06
 SCRIPT       : [VorexHeliTaxi] COL=0.65
 SCRIPT       : [VorexHeliTaxi] ROTOR=0.165
 SCRIPT       : [VorexHeliTaxi] CYCLIC=0.05
 SCRIPT       : [VorexHeliTaxi] ALT=140.059
 SCRIPT       : [VorexHeliTaxi] VY=0.000187453
 SCRIPT       : [VorexHeliTaxi] COL=0.65
 SCRIPT       : [VorexHeliTaxi] ROTOR=0.198333
 SCRIPT       : [VorexHeliTaxi] CYCLIC=0.05
 SCRIPT       : [VorexHeliTaxi] ALT=140.059
 SCRIPT       : [VorexHeliTaxi] VY=0.000244661
 SCRIPT       : [VorexHeliTaxi] COL=0.65
 SCRIPT       : [VorexHeliTaxi] ROTOR=0.231666
 SCRIPT       : [VorexHeliTaxi] CYCLIC=0.05
 SCRIPT       : [VorexHeliTaxi] ALT=140.059
 SCRIPT       : [VorexHeliTaxi] VY=0.000182521
 SCRIPT       : [VorexHeliTaxi] COL=0.65
 SCRIPT       : [VorexHeliTaxi] ROTOR=0.265
 SCRIPT       : [VorexHeliTaxi] CYCLIC=0.05
 SCRIPT       : [VorexHeliTaxi] ALT=140.059
 SCRIPT       : [VorexHeliTaxi] VY=0.000625246
 SCRIPT       : [VorexHeliTaxi] COL=0.65
 SCRIPT       : [VorexHeliTaxi] ROTOR=0.298333
 SCRIPT       : [VorexHeliTaxi] CYCLIC=0.05
 SCRIPT       : [VorexHeliTaxi] ALT=140.06
 SCRIPT       : [VorexHeliTaxi] VY=0.000706686
 SCRIPT       : [VorexHeliTaxi] COL=0.65
 SCRIPT       : [VorexHeliTaxi] ROTOR=0.331666
 SCRIPT       : [VorexHeliTaxi] CYCLIC=0.05
 SCRIPT       : [VorexHeliTaxi] ALT=140.061
 SCRIPT       : [VorexHeliTaxi] VY=0.00150919
 SCRIPT       : [VorexHeliTaxi] COL=0.65
 SCRIPT       : [VorexHeliTaxi] ROTOR=0.365
 SCRIPT       : [VorexHeliTaxi] CYCLIC=0.05
 SCRIPT       : [VorexHeliTaxi] ALT=140.062
 SCRIPT       : [VorexHeliTaxi] VY=0.00235644
 SCRIPT       : [VorexHeliTaxi] COL=0.65
 SCRIPT       : [VorexHeliTaxi] ROTOR=0.398333
 SCRIPT       : [VorexHeliTaxi] CYCLIC=0.05
 SCRIPT       : [VorexHeliTaxi] ALT=140.064
 SCRIPT       : [VorexHeliTaxi] VY=0.00193796
 SCRIPT       : [VorexHeliTaxi] COL=0.65
 SCRIPT       : [VorexHeliTaxi] ROTOR=0.431666
 SCRIPT       : [VorexHeliTaxi] CYCLIC=0.05
 SCRIPT       : [VorexHeliTaxi] ALT=140.066
 SCRIPT       : [VorexHeliTaxi] VY=0.00457229
 SCRIPT       : [VorexHeliTaxi] COL=0.65
 SCRIPT       : [VorexHeliTaxi] ROTOR=0.465
 SCRIPT       : [VorexHeliTaxi] CYCLIC=0.05
 SCRIPT       : [VorexHeliTaxi] ALT=140.069
 SCRIPT       : [VorexHeliTaxi] VY=0.00629636
 SCRIPT       : [VorexHeliTaxi] COL=0.65
 SCRIPT       : [VorexHeliTaxi] ROTOR=0.498333
 SCRIPT       : [VorexHeliTaxi] CYCLIC=0.05
 SCRIPT       : [VorexHeliTaxi] ALT=140.074
 SCRIPT       : [VorexHeliTaxi] VY=0.00580665
 SCRIPT       : [VorexHeliTaxi] COL=0.65
 SCRIPT       : [VorexHeliTaxi] ROTOR=0.531666
 SCRIPT       : [VorexHeliTaxi] CYCLIC=0.05
 SCRIPT       : [VorexHeliTaxi] ALT=140.079
 SCRIPT       : [VorexHeliTaxi] VY=0.00942697
 SCRIPT       : [VorexHeliTaxi] COL=0.65
 SCRIPT       : [VorexHeliTaxi] ROTOR=0.565
 SCRIPT       : [VorexHeliTaxi] CYCLIC=0.05
 SCRIPT       : [VorexHeliTaxi] ALT=140.085
 SCRIPT       : [VorexHeliTaxi] VY=0.00962969
 SCRIPT       : [VorexHeliTaxi] COL=0.65
 SCRIPT       : [VorexHeliTaxi] ROTOR=0.598333
 SCRIPT       : [VorexHeliTaxi] CYCLIC=0.05
 SCRIPT       : [VorexHeliTaxi] ALT=140.094
 SCRIPT       : [VorexHeliTaxi] VY=0.0151599
 SCRIPT       : [VorexHeliTaxi] COL=0.65
 SCRIPT       : [VorexHeliTaxi] ROTOR=0.631666
 SCRIPT       : [VorexHeliTaxi] CYCLIC=0.05
 SCRIPT       : [VorexHeliTaxi] ALT=140.103
 SCRIPT       : [VorexHeliTaxi] VY=0.014184
 SCRIPT       : [VorexHeliTaxi] COL=0.65
 SCRIPT       : [VorexHeliTaxi] ROTOR=0.664999
 SCRIPT       : [VorexHeliTaxi] CYCLIC=0.05
 SCRIPT       : [VorexHeliTaxi] ALT=140.117
 SCRIPT       : [VorexHeliTaxi] VY=0.0322269
 SCRIPT       : [VorexHeliTaxi] COL=0.65
 SCRIPT       : [VorexHeliTaxi] ROTOR=0.698333
 SCRIPT       : [VorexHeliTaxi] CYCLIC=0.05
 SCRIPT       : [VorexHeliTaxi] ALT=140.14
 SCRIPT       : [VorexHeliTaxi] VY=0.0689042
 SCRIPT       : [VorexHeliTaxi] COL=0.65
 SCRIPT       : [VorexHeliTaxi] ROTOR=0.731666
 SCRIPT       : [VorexHeliTaxi] CYCLIC=0.05
 SCRIPT       : [VorexHeliTaxi] ALT=140.227
 SCRIPT       : [VorexHeliTaxi] VY=0.409322
 SCRIPT       : [VorexHeliTaxi] COL=0.65
 SCRIPT       : [VorexHeliTaxi] ROTOR=0.764999
 SCRIPT       : [VorexHeliTaxi] CYCLIC=0.05
 SCRIPT       : [VorexHeliTaxi] ALT=140.734
 SCRIPT       : [VorexHeliTaxi] VY=1.70625
 SCRIPT       : [VorexHeliTaxi] COL=0.65
 SCRIPT       : [VorexHeliTaxi] ROTOR=0.798333
 SCRIPT       : [VorexHeliTaxi] CYCLIC=0.05
 SCRIPT       : [VorexHeliTaxi] ALT=142.071
 SCRIPT       : [VorexHeliTaxi] VY=3.69763
 SCRIPT       : [VorexHeliTaxi] COL=0.65
 SCRIPT       : [VorexHeliTaxi] ROTOR=0.831666
 SCRIPT       : [VorexHeliTaxi] CYCLIC=0.05
 SCRIPT       : [VorexHeliTaxi] ALT=144.539
 SCRIPT       : [VorexHeliTaxi] VY=6.13467
 SCRIPT       : [VorexHeliTaxi] COL=0.65
 SCRIPT       : [VorexHeliTaxi] ROTOR=0.864999
 SCRIPT       : [VorexHeliTaxi] CYCLIC=0.05
 SCRIPT       : [VorexHeliTaxi] FLIGHT STAGE = 1
 SCRIPT       : [VorexHeliTaxi] ALTITUDE GAIN = 5.11989
 SCRIPT       : [VorexHeliTaxi] CYCLIC = 0.05
 SCRIPT       : [VorexHeliTaxi] ALT=148.252
 SCRIPT       : [VorexHeliTaxi] VY=8.77182
 SCRIPT       : [VorexHeliTaxi] COL=0.65
 SCRIPT       : [VorexHeliTaxi] ROTOR=0.898333
 SCRIPT       : [VorexHeliTaxi] CYCLIC=0.05
 SCRIPT       : [VorexHeliTaxi] FLIGHT STAGE = 2
 SCRIPT       : [VorexHeliTaxi] ALTITUDE GAIN = 10.0514
 SCRIPT       : [VorexHeliTaxi] CYCLIC = 0.1
 SCRIPT       : [VorexHeliTaxi] ALT=153.318
 SCRIPT       : [VorexHeliTaxi] VY=11.6566
 SCRIPT       : [VorexHeliTaxi] COL=0.65
 SCRIPT       : [VorexHeliTaxi] ROTOR=0.931666
 SCRIPT       : [VorexHeliTaxi] CYCLIC=0.1
 SCRIPT       : [VorexHeliTaxi] FLIGHT STAGE = 3
 SCRIPT       : [VorexHeliTaxi] ALTITUDE GAIN = 15.0501
 SCRIPT       : [VorexHeliTaxi] CYCLIC = 0.15
 SCRIPT       : [VorexHeliTaxi] ALT=159.499
 SCRIPT       : [VorexHeliTaxi] VY=12.8408
 SCRIPT       : [VorexHeliTaxi] COL=0.65
 SCRIPT       : [VorexHeliTaxi] ROTOR=0.964942
 SCRIPT       : [VorexHeliTaxi] CYCLIC=0.15
 SCRIPT       : [VorexHeliTaxi] FLIGHT STAGE = 4
 SCRIPT       : [VorexHeliTaxi] ALTITUDE GAIN = 20.067
 SCRIPT       : [VorexHeliTaxi] CYCLIC = 0.2
 SCRIPT       : [VorexHeliTaxi] ALT=165.391
 SCRIPT       : [VorexHeliTaxi] VY=11.0978
 SCRIPT       : [VorexHeliTaxi] COL=0.65
 SCRIPT       : [VorexHeliTaxi] ROTOR=0.976915
 SCRIPT       : [VorexHeliTaxi] CYCLIC=0.2
 SCRIPT       : [VorexHeliTaxi] ALT=169.902
 SCRIPT       : [VorexHeliTaxi] VY=8.16215
 SCRIPT       : [VorexHeliTaxi] COL=0.65
 SCRIPT       : [VorexHeliTaxi] ROTOR=0.985827
 SCRIPT       : [VorexHeliTaxi] CYCLIC=0.292448
 SCRIPT       : [VorexHeliTaxi] ALT=173.002
 SCRIPT       : [VorexHeliTaxi] VY=6.52116
 SCRIPT       : [VorexHeliTaxi] COL=0.65
 SCRIPT       : [VorexHeliTaxi] ROTOR=0.986287
 SCRIPT       : [VorexHeliTaxi] CYCLIC=0.777428
 SCRIPT       : [VorexHeliTaxi] ALT=175.201
 SCRIPT       : [VorexHeliTaxi] VY=6.02119
 SCRIPT       : [VorexHeliTaxi] COL=0.65
 SCRIPT       : [VorexHeliTaxi] ROTOR=0.986884
 SCRIPT       : [VorexHeliTaxi] CYCLIC=0.644293
 SCRIPT       : [VorexHeliTaxi] ALT=176.624
 SCRIPT       : [VorexHeliTaxi] VY=5.80708
 SCRIPT       : [VorexHeliTaxi] COL=0.65
 SCRIPT       : [VorexHeliTaxi] ROTOR=0.987931
 SCRIPT       : [VorexHeliTaxi] CYCLIC=-0.399349
 SCRIPT       : [VorexHeliTaxi] ALT=177.633
 SCRIPT       : [VorexHeliTaxi] VY=5.55043
 SCRIPT       : [VorexHeliTaxi] COL=0.65
 SCRIPT       : [VorexHeliTaxi] ROTOR=0.989185
 SCRIPT       : [VorexHeliTaxi] CYCLIC=0.539626
 SCRIPT       : [VorexHeliTaxi] ALT=178.739
 SCRIPT       : [VorexHeliTaxi] VY=5.90712
 SCRIPT       : [VorexHeliTaxi] COL=0.65
 SCRIPT       : [VorexHeliTaxi] ROTOR=0.989748
 SCRIPT       : [VorexHeliTaxi] CYCLIC=0.0851924
 SCRIPT       : [VorexHeliTaxi] ALT=180.141
 SCRIPT       : [VorexHeliTaxi] VY=5.9295
 SCRIPT       : [VorexHeliTaxi] COL=0.65
 SCRIPT       : [VorexHeliTaxi] ROTOR=0.989792
 SCRIPT       : [VorexHeliTaxi] CYCLIC=0.116974
 SCRIPT       : [VorexHeliTaxi] ALT=182.089
 SCRIPT       : [VorexHeliTaxi] VY=6.40629
 SCRIPT       : [VorexHeliTaxi] COL=0.65
 SCRIPT       : [VorexHeliTaxi] ROTOR=0.989621
 SCRIPT       : [VorexHeliTaxi] CYCLIC=0.480564
 SCRIPT       : [VorexHeliTaxi] ALT=184.561
 SCRIPT       : [VorexHeliTaxi] VY=6.88811
 SCRIPT       : [VorexHeliTaxi] COL=0.65
 SCRIPT       : [VorexHeliTaxi] ROTOR=0.988128
 SCRIPT       : [VorexHeliTaxi] CYCLIC=-0.592105
 SCRIPT       : [VorexHeliTaxi] ALT=187.27
 SCRIPT       : [VorexHeliTaxi] VY=8.25323
 SCRIPT       : [VorexHeliTaxi] COL=0.65
 SCRIPT       : [VorexHeliTaxi] ROTOR=0.990144
 SCRIPT       : [VorexHeliTaxi] CYCLIC=-0.0527225
 SCRIPT       : [VorexHeliTaxi] ALT=189.858
 SCRIPT       : [VorexHeliTaxi] VY=8.23945
 SCRIPT       : [VorexHeliTaxi] COL=0.65
 SCRIPT       : [VorexHeliTaxi] ROTOR=0.990258
 SCRIPT       : [VorexHeliTaxi] CYCLIC=-0.311913
 SCRIPT       : [VorexHeliTaxi] ALT=192.244
 SCRIPT       : [VorexHeliTaxi] VY=8.77184
 SCRIPT       : [VorexHeliTaxi] COL=0.65
 SCRIPT       : [VorexHeliTaxi] ROTOR=0.990235
 SCRIPT       : [VorexHeliTaxi] CYCLIC=-0.458845
 SCRIPT       : [VorexHeliTaxi] ALT=194.276
 SCRIPT       : [VorexHeliTaxi] VY=9.52765
 SCRIPT       : [VorexHeliTaxi] COL=0.65
 SCRIPT       : [VorexHeliTaxi] ROTOR=0.99009
 SCRIPT       : [VorexHeliTaxi] CYCLIC=-0.199882
 SCRIPT       : [VorexHeliTaxi] ALT=195.738
 SCRIPT       : [VorexHeliTaxi] VY=9.76088
 SCRIPT       : [VorexHeliTaxi] COL=0.65
 SCRIPT       : [VorexHeliTaxi] ROTOR=0.989901
 SCRIPT       : [VorexHeliTaxi] CYCLIC=-0.555293
 SCRIPT       : [VorexHeliTaxi] ALT=196.659
 SCRIPT       : [VorexHeliTaxi] VY=8.78205
 SCRIPT       : [VorexHeliTaxi] COL=0.65
 SCRIPT       : [VorexHeliTaxi] ROTOR=0.990823
 SCRIPT       : [VorexHeliTaxi] CYCLIC=0.535223
 SCRIPT       : [VorexHeliTaxi] ALT=197.297
 SCRIPT       : [VorexHeliTaxi] VY=9.51686
 SCRIPT       : [VorexHeliTaxi] COL=0.65
 SCRIPT       : [VorexHeliTaxi] ROTOR=0.989374
 SCRIPT       : [VorexHeliTaxi] CYCLIC=0.16805
 SCRIPT       : [VorexHeliTaxi] ALT=197.672
 SCRIPT       : [VorexHeliTaxi] VY=9.62867
 SCRIPT       : [VorexHeliTaxi] COL=0.65
 SCRIPT       : [VorexHeliTaxi] ROTOR=0.991039
 SCRIPT       : [VorexHeliTaxi] CYCLIC=-0.189454
 SCRIPT       : [VorexHeliTaxi] ALT=197.71
 SCRIPT       : [VorexHeliTaxi] VY=9.77813
 SCRIPT       : [VorexHeliTaxi] COL=0.65
 SCRIPT       : [VorexHeliTaxi] ROTOR=0.99004
 SCRIPT       : [VorexHeliTaxi] CYCLIC=0.871828
 SCRIPT       : [VorexHeliTaxi] ALT=197.478
 SCRIPT       : [VorexHeliTaxi] VY=9.70205
 SCRIPT       : [VorexHeliTaxi] COL=0.65
 SCRIPT       : [VorexHeliTaxi] ROTOR=0.991519
 SCRIPT       : [VorexHeliTaxi] CYCLIC=-0.405715
 SCRIPT       : [VorexHeliTaxi] ALT=196.829
 SCRIPT       : [VorexHeliTaxi] VY=10.8696
 SCRIPT       : [VorexHeliTaxi] COL=0.65
 SCRIPT       : [VorexHeliTaxi] ROTOR=0.991574
 SCRIPT       : [VorexHeliTaxi] CYCLIC=-0.731867
 SCRIPT       : [VorexHeliTaxi] ALT=195.52
 SCRIPT       : [VorexHeliTaxi] VY=11.4691
 SCRIPT       : [VorexHeliTaxi] COL=0.65
 SCRIPT       : [VorexHeliTaxi] ROTOR=0.991257
 SCRIPT       : [VorexHeliTaxi] CYCLIC=-0.820902
 SCRIPT       : [VorexHeliTaxi] ALT=193.453
 SCRIPT       : [VorexHeliTaxi] VY=10.7811
 SCRIPT       : [VorexHeliTaxi] COL=0.65
 SCRIPT       : [VorexHeliTaxi] ROTOR=0.99092
 SCRIPT       : [VorexHeliTaxi] CYCLIC=0.0373908
 SCRIPT       : [VorexHeliTaxi] ALT=190.691
 SCRIPT       : [VorexHeliTaxi] VY=10.4989
 SCRIPT       : [VorexHeliTaxi] COL=0.65
 SCRIPT       : [VorexHeliTaxi] ROTOR=0.990645
 SCRIPT       : [VorexHeliTaxi] CYCLIC=0.588237
 SCRIPT       : [VorexHeliTaxi] ALT=186.974
 SCRIPT       : [VorexHeliTaxi] VY=13.1758
 SCRIPT       : [VorexHeliTaxi] COL=0.65
 SCRIPT       : [VorexHeliTaxi] ROTOR=0.992058
 SCRIPT       : [VorexHeliTaxi] CYCLIC=-0.143822
 SCRIPT       : [VorexHeliTaxi] ALT=181.876
 SCRIPT       : [VorexHeliTaxi] VY=13.344
 SCRIPT       : [VorexHeliTaxi] COL=0.65
 SCRIPT       : [VorexHeliTaxi] ROTOR=0.991415
 SCRIPT       : [VorexHeliTaxi] CYCLIC=-0.734195
 SCRIPT       : [VorexHeliTaxi] ALT=175.14
 SCRIPT       : [VorexHeliTaxi] VY=13.4422
 SCRIPT       : [VorexHeliTaxi] COL=0.65
 SCRIPT       : [VorexHeliTaxi] ROTOR=0.990759
 SCRIPT       : [VorexHeliTaxi] CYCLIC=0.619085
 SCRIPT       : [VorexHeliTaxi] ALT=166.779
 SCRIPT       : [VorexHeliTaxi] VY=14.1856
 SCRIPT       : [VorexHeliTaxi] COL=0.65
 SCRIPT       : [VorexHeliTaxi] ROTOR=0.991543
 SCRIPT       : [VorexHeliTaxi] CYCLIC=0.480119
 SCRIPT       : [VorexHeliTaxi] FLIGHT STAGE = 3
 SCRIPT       : [VorexHeliTaxi] ALTITUDE GAIN = 19.7453
 SCRIPT       : [VorexHeliTaxi] CYCLIC = 0.15
 SCRIPT       : [VorexHeliTaxi] ALT=156.498
 SCRIPT       : [VorexHeliTaxi] VY=13.7422
 SCRIPT       : [VorexHeliTaxi] COL=0.65
 SCRIPT       : [VorexHeliTaxi] ROTOR=0.993388
 SCRIPT       : [VorexHeliTaxi] CYCLIC=0.15
 SCRIPT       : [VorexHeliTaxi] FLIGHT STAGE = 2
 SCRIPT       : [VorexHeliTaxi] ALTITUDE GAIN = 14.7094
 SCRIPT       : [VorexHeliTaxi] CYCLIC = 0.1
 SCRIPT       : [VorexHeliTaxi] FLIGHT STAGE = 1
 SCRIPT       : [VorexHeliTaxi] ALTITUDE GAIN = 9.84218
 SCRIPT       : [VorexHeliTaxi] CYCLIC = 0.05
 SCRIPT       : [VorexHeliTaxi] FLIGHT STAGE = 0
 SCRIPT       : [VorexHeliTaxi] ALTITUDE GAIN = 4.60251
 SCRIPT       : [VorexHeliTaxi] CYCLIC = 0
 SCRIPT       : [VorexHeliTaxi] ALT=143.98
 SCRIPT       : [VorexHeliTaxi] VY=14.5075
 SCRIPT       : [VorexHeliTaxi] COL=0.65
 SCRIPT       : [VorexHeliTaxi] ROTOR=0.992544
 SCRIPT       : [VorexHeliTaxi] CYCLIC=0.05
 SCRIPT       : [VorexHeliTaxi] ALT=143.227
 SCRIPT       : [VorexHeliTaxi] VY=-5.83475
 SCRIPT       : [VorexHeliTaxi] COL=0.65
 SCRIPT       : [VorexHeliTaxi] ROTOR=0.723189
 SCRIPT       : [VorexHeliTaxi] CYCLIC=0.05
 SCRIPT       : [VorexHeliTaxi] ALT=144.426
 SCRIPT       : [VorexHeliTaxi] VY=-2.26777
 SCRIPT       : [VorexHeliTaxi] COL=0.65
 SCRIPT       : [VorexHeliTaxi] ROTOR=0.417851
 SCRIPT       : [VorexHeliTaxi] CYCLIC=0.05
 SCRIPT       : [VorexHeliTaxi] ALT=143.975
 SCRIPT       : [VorexHeliTaxi] VY=1.33928
 SCRIPT       : [VorexHeliTaxi] COL=0.65
 SCRIPT       : [VorexHeliTaxi] ROTOR=0.251809
 SCRIPT       : [VorexHeliTaxi] CYCLIC=0.05
 SCRIPT       : [VorexHeliTaxi] ALT=142.122
 SCRIPT       : [VorexHeliTaxi] VY=-0.354802
 SCRIPT       : [VorexHeliTaxi] COL=0.65
 SCRIPT       : [VorexHeliTaxi] ROTOR=0.161517
 SCRIPT       : [VorexHeliTaxi] CYCLIC=0.05
 SCRIPT       : [VorexHeliTaxi] ALT=141.652
 SCRIPT       : [VorexHeliTaxi] VY=-0.242463
 SCRIPT       : [VorexHeliTaxi] COL=0.65
 SCRIPT       : [VorexHeliTaxi] ROTOR=0.112416
 SCRIPT       : [VorexHeliTaxi] CYCLIC=0.05
 SCRIPT       : [VorexHeliTaxi] ALT=141.617
 SCRIPT       : [VorexHeliTaxi] VY=-0.0243798
 SCRIPT       : [VorexHeliTaxi] COL=0.65
 SCRIPT       : [VorexHeliTaxi] ROTOR=0.0857159
 SCRIPT       : [VorexHeliTaxi] CYCLIC=0.05
 SCRIPT       : [VorexHeliTaxi] ALT=141.521
 SCRIPT       : [VorexHeliTaxi] VY=-0.0445991
 SCRIPT       : [VorexHeliTaxi] COL=0.65
 SCRIPT       : [VorexHeliTaxi] ROTOR=0.0711962
 SCRIPT       : [VorexHeliTaxi] CYCLIC=0.05
 SCRIPT       : [VorexHeliTaxi] ALT=141.483
 SCRIPT       : [VorexHeliTaxi] VY=-0.01513
 SCRIPT       : [VorexHeliTaxi] COL=0.65
 SCRIPT       : [VorexHeliTaxi] ROTOR=0.0633005
 SCRIPT       : [VorexHeliTaxi] CYCLIC=0.05
 SCRIPT       : [VorexHeliTaxi] ALT=141.475
 SCRIPT       : [VorexHeliTaxi] VY=0.00187049
 SCRIPT       : [VorexHeliTaxi] COL=0.65
 SCRIPT       : [VorexHeliTaxi] ROTOR=0.0713474
 SCRIPT       : [VorexHeliTaxi] CYCLIC=0.05
 SCRIPT       : [VorexHeliTaxi] ALT=141.475
 SCRIPT       : [VorexHeliTaxi] VY=-0.000394861
 SCRIPT       : [VorexHeliTaxi] COL=0.65
 SCRIPT       : [VorexHeliTaxi] ROTOR=0.0680253
 SCRIPT       : [VorexHeliTaxi] CYCLIC=0.05
 SCRIPT       : [VorexHeliTaxi] ALT=141.476
 SCRIPT       : [VorexHeliTaxi] VY=-0.00384146
 SCRIPT       : [VorexHeliTaxi] COL=0.65
 SCRIPT       : [VorexHeliTaxi] ROTOR=0.0710133
 SCRIPT       : [VorexHeliTaxi] CYCLIC=0.05
 SCRIPT       : [VorexHeliTaxi] ALT=141.475
 SCRIPT       : [VorexHeliTaxi] VY=0.00751239
 SCRIPT       : [VorexHeliTaxi] COL=0.65
 SCRIPT       : [VorexHeliTaxi] ROTOR=0.0678454
 SCRIPT       : [VorexHeliTaxi] CYCLIC=0.05
 SCRIPT       : [VorexHeliTaxi] ALT=141.476
 SCRIPT       : [VorexHeliTaxi] VY=0.00732933
 SCRIPT       : [VorexHeliTaxi] COL=0.65
 SCRIPT       : [VorexHeliTaxi] ROTOR=0.0722004
 SCRIPT       : [VorexHeliTaxi] CYCLIC=0.05
 SCRIPT       : [VorexHeliTaxi] ALT=141.476
 SCRIPT       : [VorexHeliTaxi] VY=-0.00770731
 SCRIPT       : [VorexHeliTaxi] COL=0.65
 SCRIPT       : [VorexHeliTaxi] ROTOR=0.0692891
 SCRIPT       : [VorexHeliTaxi] CYCLIC=0.05
 SCRIPT       : [VorexHeliTaxi] ALT=141.476
 SCRIPT       : [VorexHeliTaxi] VY=-0.00571843
 SCRIPT       : [VorexHeliTaxi] COL=0.65
 SCRIPT       : [VorexHeliTaxi] ROTOR=0.0655778
 SCRIPT       : [VorexHeliTaxi] CYCLIC=0.05
 SCRIPT       : [VorexHeliTaxi] ALT=141.475
 SCRIPT       : [VorexHeliTaxi] VY=0.0021563
 SCRIPT       : [VorexHeliTaxi] COL=0.65
 SCRIPT       : [VorexHeliTaxi] ROTOR=0.0674445
 SCRIPT       : [VorexHeliTaxi] CYCLIC=0.05
 SCRIPT       : [VorexHeliTaxi] ALT=141.475
 SCRIPT       : [VorexHeliTaxi] VY=-0.00256665
 SCRIPT       : [VorexHeliTaxi] COL=0.65
 SCRIPT       : [VorexHeliTaxi] ROTOR=0.0747791
 SCRIPT       : [VorexHeliTaxi] CYCLIC=0.05
 SCRIPT       : [VorexHeliTaxi] ALT=141.476
 SCRIPT       : [VorexHeliTaxi] VY=0.000423234
 SCRIPT       : [VorexHeliTaxi] COL=0.65
 SCRIPT       : [VorexHeliTaxi] ROTOR=0.0730051
 SCRIPT       : [VorexHeliTaxi] CYCLIC=0.05
 SCRIPT       : [VorexHeliTaxi] ALT=141.475
 SCRIPT       : [VorexHeliTaxi] VY=-0.002442
 SCRIPT       : [VorexHeliTaxi] COL=0.65
 SCRIPT       : [VorexHeliTaxi] ROTOR=0.0727063
 SCRIPT       : [VorexHeliTaxi] CYCLIC=0.05
 SCRIPT       : [VorexHeliTaxi] ALT=141.476
 SCRIPT       : [VorexHeliTaxi] VY=0.00280555
 SCRIPT       : [VorexHeliTaxi] COL=0.65
 SCRIPT       : [VorexHeliTaxi] ROTOR=0.0709187
 SCRIPT       : [VorexHeliTaxi] CYCLIC=0.05
 SCRIPT       : [VorexHeliTaxi] ALT=141.476
 SCRIPT       : [VorexHeliTaxi] VY=0.0046148
 SCRIPT       : [VorexHeliTaxi] COL=0.65
 SCRIPT       : [VorexHeliTaxi] ROTOR=0.0681236
 SCRIPT       : [VorexHeliTaxi] CYCLIC=0.05
 SCRIPT       : [VorexHeliTaxi] ALT=141.475
 SCRIPT       : [VorexHeliTaxi] VY=-0.00568962
 SCRIPT       : [VorexHeliTaxi] COL=0.65
 SCRIPT       : [VorexHeliTaxi] ROTOR=0.0669963
 SCRIPT       : [VorexHeliTaxi] CYCLIC=0.05
 SCRIPT       : [VorexHeliTaxi] ALT=141.476
 SCRIPT       : [VorexHeliTaxi] VY=0.00666077
 SCRIPT       : [VorexHeliTaxi] COL=0.65
 SCRIPT       : [VorexHeliTaxi] ROTOR=0.067079
 SCRIPT       : [VorexHeliTaxi] CYCLIC=0.05
 SCRIPT       : [VorexHeliTaxi] ALT=141.475
 SCRIPT       : [VorexHeliTaxi] VY=-0.00387459
 SCRIPT       : [VorexHeliTaxi] COL=0.65
 SCRIPT       : [VorexHeliTaxi] ROTOR=0.0688203
 SCRIPT       : [VorexHeliTaxi] CYCLIC=0.05
 SCRIPT       : [VorexHeliTaxi] ALT=141.475
 SCRIPT       : [VorexHeliTaxi] VY=0.00117886
 SCRIPT       : [VorexHeliTaxi] COL=0.65
 SCRIPT       : [VorexHeliTaxi] ROTOR=0.0712451
 SCRIPT       : [VorexHeliTaxi] CYCLIC=0.05
 SCRIPT       : [VorexHeliTaxi] ALT=141.476
 SCRIPT       : [VorexHeliTaxi] VY=-0.00416455
 SCRIPT       : [VorexHeliTaxi] COL=0.65
 SCRIPT       : [VorexHeliTaxi] ROTOR=0.073984
 SCRIPT       : [VorexHeliTaxi] CYCLIC=0.05
 SCRIPT       : [VorexHeliTaxi] ALT=141.476
 SCRIPT       : [VorexHeliTaxi] VY=-0.000361189
 SCRIPT       : [VorexHeliTaxi] COL=0.65
 SCRIPT       : [VorexHeliTaxi] ROTOR=0.079737
 SCRIPT       : [VorexHeliTaxi] CYCLIC=0.05
 SCRIPT       : [Logout]: New player Nvszppa38e_FjlbP0lFbtIpllvbvtJOYSIrpj1l7Edk= with logout time 15
 SCRIPT       : Player "Vorex_Live" (steamid=76561198126437990) initiated disconnect process...
 SCRIPT       : Player "Vorex_Live" (steamid=76561198126437990) disconnected early from server (EXIT NOW).
SCRIPT       : [Logout]: Player Nvszppa38e_FjlbP0lFbtIpllvbvtJOYSIrpj1l7Edk= finished
SCRIPT       : [PlayerListManager] SyncEntryToReceivers ► uid: Nvszppa38e_FjlbP0lFbtIpllvbvtJOYSIrpj1l7Edk= isn't in the players list! sending a remove.
SCRIPT       : PlayerDisconnected -> PlayerListManager.RemoveEntry ► Nvszppa38e_FjlbP0lFbtIpllvbvtJOYSIrpj1l7Edk=
